<html>
<body>
<pre>
<h1>礦ision Build Log</h1>
<h2>Project:</h2>
C:\Users\Administrator\Desktop\OBD\iCarX-160105-END\iCar.uvproj
Project File Date:  12/29/2015

<h2>Output:</h2>
Build target 'iCar'
compiling main.c...
compiling iGPRS.c...
User\iGPRS.c(109): warning:  #177-D: variable "j" was declared but never referenced
User\iGPRS.c:           uint8_t j,temp;
User\iGPRS.c:                   ^
User\iGPRS.c(109): warning:  #177-D: variable "temp" was declared but never referenced
User\iGPRS.c:           uint8_t j,temp;
User\iGPRS.c:                     ^
User\iGPRS.c(115): warning:  #177-D: variable "fail_flag" was declared but never referenced
User\iGPRS.c:           static uint8_t TimeRem_GPRS = 0, GPRS_flag = 1,fail_flag = 0,wq_first = 1;
User\iGPRS.c:                                                          ^
User\iGPRS.c(119): warning:  #177-D: variable "TimeRem_SENDOK" was declared but never referenced
User\iGPRS.c:           static uint32_t TimeRem_SENDOK = 0;
User\iGPRS.c:                           ^
User\iGPRS.c(450): warning:  #177-D: variable "j" was declared but never referenced
User\iGPRS.c:           uint8_t i,j,k,len = 0;
User\iGPRS.c:                     ^
User\iGPRS.c(450): warning:  #177-D: variable "k" was declared but never referenced
User\iGPRS.c:           uint8_t i,j,k,len = 0;
User\iGPRS.c:                       ^
User\iGPRS.c(451): warning:  #177-D: variable "send_buffer" was declared but never referenced
User\iGPRS.c:           uint8_t send_buffer[100] = {"$OBD ECUOFF\n"};
User\iGPRS.c:                   ^
User\iGPRS.c: User\iGPRS.c: 7 warnings, 0 errors
compiling AutoLoop.c...
User\AutoLoop.c(628): warning:  #177-D: variable "first_read" was declared but never referenced
User\AutoLoop.c:        static uint8_t first_read,PID_times,temp;
User\AutoLoop.c:                       ^
User\AutoLoop.c(628): warning:  #177-D: variable "PID_times" was declared but never referenced
User\AutoLoop.c:        static uint8_t first_read,PID_times,temp;
User\AutoLoop.c:                                  ^
User\AutoLoop.c(628): warning:  #550-D: variable "temp" was set but never used
User\AutoLoop.c:        static uint8_t first_read,PID_times,temp;
User\AutoLoop.c:                                            ^
User\AutoLoop.c: User\AutoLoop.c: 3 warnings, 0 errors
compiling SysConf.c...
compiling BLE.c...
User\BLE.c(431): warning:  #167-D: argument of type "uint8_t *" is incompatible with parameter of type "char *"
User\BLE.c:                             BLEATFile(file_buffer);
User\BLE.c:                                       ^
User\BLE.c(514): warning:  #167-D: argument of type "char *" is incompatible with parameter of type "uint8_t *"
User\BLE.c:     if(mem_compare(filename, "Update.bin"))
User\BLE.c:                    ^
User\BLE.c(531): warning:  #167-D: argument of type "char *" is incompatible with parameter of type "const uint8_t *"
User\BLE.c:             SCI_Transmit(1,len,filename);
User\BLE.c:                                ^
User\BLE.c(541): warning:  #167-D: argument of type "char *" is incompatible with parameter of type "const uint8_t *"
User\BLE.c:             SCI_Transmit(1,len,filename);
User\BLE.c:                                ^
User\BLE.c(613): warning:  #167-D: argument of type "char *" is incompatible with parameter of type "uint8_t *"
User\BLE.c:                                                                     if(!mem_compare(filename, "Update.bin"))
User\BLE.c:                                                                                     ^
User\BLE.c(504): warning:  #550-D: variable "TimRem_File" was set but never used
User\BLE.c:     uint32_t temp,TimRem_File;
User\BLE.c:                   ^
User\BLE.c: User\BLE.c: 6 warnings, 0 errors
compiling timelength.c...
compiling BSP.c...
compiling INT.c...
compiling USART.c...
compiling CAN.c...
compiling RTC.c...
compiling ADC.c...
compiling SIM900A.c...
compiling UM220.c...
Drivers\UM220.c(21): warning:  #177-D: variable "sum" was declared but never referenced
Drivers\UM220.c:        uint8_t sum,sum1[3];
Drivers\UM220.c:                ^
Drivers\UM220.c: Drivers\UM220.c: 1 warning, 0 errors
compiling NRF24L01.c...
compiling diskio.c...
compiling ff.c...
compiling NorFlash.c...
compiling ISO14230.c...
User\ISO14230.c(337): warning:  #177-D: variable "i" was declared but never referenced
User\ISO14230.c:       uint8_t i,len;           //表示本次接收的数据个数
User\ISO14230.c:               ^
User\ISO14230.c: User\ISO14230.c: 1 warning, 0 errors
compiling ISO15765.c...
compiling ISO9141.c...
compiling Search.c...
assembling startup_stm32f10x_hd.s...
compiling misc.c...
compiling stm32f10x_can.c...
compiling stm32f10x_exti.c...
compiling stm32f10x_gpio.c...
compiling stm32f10x_rcc.c...
compiling stm32f10x_usart.c...
compiling stm32f10x_tim.c...
compiling stm32f10x_rtc.c...
compiling stm32f10x_bkp.c...
compiling stm32f10x_spi.c...
compiling stm32f10x_pwr.c...
compiling stm32f10x_flash.c...
compiling stm32f10x_iwdg.c...
compiling stm32f10x_adc.c...
compiling stm32f10x_dma.c...
compiling core_cm3.c...
compiling system_stm32f10x.c...
compiling mpu6050.c...
Drivers\MPU6050\mpu6050.c(312): warning:  #177-D: variable "jbuf" was declared but never referenced
Drivers\MPU6050\mpu6050.c:      uint8_t jbuf[15] = {"$AT 17 "};
Drivers\MPU6050\mpu6050.c:              ^
Drivers\MPU6050\mpu6050.c: Drivers\MPU6050\mpu6050.c: 1 warning, 0 errors
linking...
Program Size: Code=67264 RO-data=1156 RW-data=788 ZI-data=13180  
".\Object\iCar.axf" - 0 Error(s), 19 Warning(s).
Load "C:\\Users\\Administrator\\Desktop\\OBD\\iCarX-160105-END\\Object\\iCar.AXF" 
USB Communication Failure
Load "C:\\Users\\Administrator\\Desktop\\OBD\\iCarX-160105-END\\Object\\iCar.AXF" 
Set JLink Project File to "C:\Users\Administrator\Desktop\OBD\iCarX-160105-END\JLinkSettings.ini"
 
JLink info:
------------
DLL: V4.15n, compiled Jun 18 2010 19:55:09
Firmware: J-Link ARM V8 compiled Nov 28 2014 13:44:46
Hardware: V8.00
S/N : 304423265 
Feature(s) : RDI,FlashDL,FlashBP,JFlash,GDBFULL 
 
* JLink Info: TotalIRLen = 9, IRPrint = 0x0011
* JLink Info: Found Cortex-M3 r1p1, Little endian.
* JLink Info: TPIU fitted.
* JLink Info: ETM fitted.
* JLink Info:   FPUnit: 6 code (BP) slots and 2 literal slots
ROMTableAddr = 0xE00FF003
 
Target info:
------------
Device: STM32F103RC
VTarget = 3.287V
State of Pins: 
TCK: 1, TDI: 0, TDO: 0, TMS: 0, TRES: 1, TRST: 1
* JLink Info: TotalIRLen = 9, IRPrint = 0x0011
* JLink Info: Found Cortex-M3 r1p1, Little endian.
* JLink Info: TPIU fitted.
* JLink Info: ETM fitted.
* JLink Info:   FPUnit: 6 code (BP) slots and 2 literal slots
Hardware-Breakpoints: 6
Software-Breakpoints: 2048
Watchpoints:          4
JTAG speed: 2000 kHz
 
Erase Done.
Programming Done.
Verify OK.
* JLink Info: TotalIRLen = 9, IRPrint = 0x0011
* JLink Info: Found Cortex-M3 r1p1, Little endian.
* JLink Info: TPIU fitted.
* JLink Info: ETM fitted.
* JLink Info:   FPUnit: 6 code (BP) slots and 2 literal slots
Application running ...
