ARM Linker, 4.1 [Build 481] [Standard]

==============================================================================

Section Cross References

    system_stm32f10x.o(.text) refers to system_stm32f10x.o(.data) for SystemCoreClock
    main.o(.text) refers to bsp.o(.text) for clock_init
    main.o(.text) refers to spi.o(.text) for SPI_init
    main.o(.text) refers to fatfs.o(.text) for f_mount
    main.o(.text) refers to rtc.o(.text) for RTC_init
    main.o(.text) refers to nrf24l01.o(.text) for NRF24L01_init
    main.o(.text) refers to print.o(.text) for printp
    main.o(.text) refers to search.o(.text) for K_Reminder
    main.o(.text) refers to autoloop.o(.text) for main_loop
    main.o(.text) refers to igprs.o(.text) for GPRS_Main
    main.o(.text) refers to icar.o(.text) for OBD_Main
    main.o(.text) refers to stm32f10x_iwdg.o(.text) for IWDG_ReloadCounter
    main.o(.text) refers to stm32f10x_rcc.o(.text) for RCC_GetFlagStatus
    main.o(.text) refers to main.o(.bss) for fs
    main.o(.text) refers to main.o(.data) for car_state
    icar.o(.text) refers to usart.o(.text) for SCI_Transmit
    icar.o(.text) refers to print.o(.text) for printp
    icar.o(.text) refers to main.o(.bss) for btMsg
    icar.o(.text) refers to main.o(.data) for pid_save
    icar.o(.text) refers to icar.o(.data) for error_flag
    icar.o(.text) refers to attype.o(.text) for AT_type
    icar.o(.text) refers to search.o(.text) for ProtocolSearch
    icar.o(.text) refers to iso15765.o(.text) for ISO15765Main
    icar.o(.text) refers to iso14230.o(.text) for ISO14230Main
    icar.o(.text) refers to iso9141.o(.text) for ISO9141Main
    igprs.o(.text) refers to sim900a.o(.text) for GPRS_Send_CMD
    igprs.o(.text) refers to usart.o(.text) for SCI_Transmit
    igprs.o(.text) refers to print.o(.text) for printp
    igprs.o(.text) refers to main.o(.bss) for btMsg
    igprs.o(.text) refers to main.o(.data) for pid_save
    igprs.o(.text) refers to sim900a.o(.data) for ID_CFG
    igprs.o(.text) refers to search.o(.text) for ProtocolSearch
    igprs.o(.text) refers to iso15765.o(.text) for ISO15765Main
    igprs.o(.text) refers to iso14230.o(.text) for ISO14230Main
    igprs.o(.text) refers to iso9141.o(.text) for ISO9141Main
    igprs.o(.text) refers to attype.o(.text) for AT_type
    igprs.o(.text) refers to igprs.o(.data) for error_flag
    igprs.o(.text) refers to igprs.o(.bss) for save_buffer
    igprs.o(.text) refers to main.o(.text) for DelayMs
    igprs.o(.text) refers to rtc.o(.text) for get_time
    autoloop.o(.text) refers to stm32f10x_gpio.o(.text) for GPIO_ResetBits
    autoloop.o(.text) refers to datasave.o(.text) for DTC_wipe_recode
    autoloop.o(.text) refers to print.o(.text) for printp
    autoloop.o(.text) refers to main.o(.data) for car_state
    autoloop.o(.text) refers to main.o(.bss) for support
    autoloop.o(.text) refers to autoloop.o(.data) for save_flag
    autoloop.o(.text) refers to attype.o(.text) for AT_master
    autoloop.o(.text) refers to iso15765.o(.text) for ISO15765Main
    autoloop.o(.text) refers to iso14230.o(.text) for ISO14230Main
    autoloop.o(.text) refers to iso9141.o(.text) for ISO9141Main
    autoloop.o(.text) refers to maintain.o(.text) for begin
    autoloop.o(.text) refers to main.o(.text) for ECU_recode
    autoloop.o(.text) refers to rtc.o(.text) for get_time
    autoloop.o(.text) refers to autoloop.o(.bss) for supptemp
    autoloop.o(.text) refers to search.o(.text) for ProtocolSearch
    datasave.o(.text) refers to fatfs.o(.text) for f_chdir
    datasave.o(.text) refers to rtc.o(.text) for get_time
    datasave.o(.text) refers to bsp.o(.text) for IntCharH
    datasave.o(.text) refers to datasave.o(.data) for header_save
    datasave.o(.text) refers to datasave.o(.bss) for save_buffer
    datasave.o(.text) refers to main.o(.data) for DTC_temp
    datasave.o(.text) refers to main.o(.bss) for frame_support
    datasave.o(.text) refers to attype.o(.text) for check_free_space
    attype.o(.text) refers to rt_memcpy_w.o(.text) for __aeabi_memcpy4
    attype.o(.text) refers to print.o(.text) for printp
    attype.o(.text) refers to sim900a.o(.text) for GPRS_check_status
    attype.o(.text) refers to usart.o(.text) for SCI_Transmit
    attype.o(.text) refers to rtc.o(.text) for set_time
    attype.o(.text) refers to devrep.o(.text) for Tro_Code
    attype.o(.text) refers to main.o(.bss) for GPRS
    attype.o(.text) refers to attype.o(.data) for fail_flag
    attype.o(.text) refers to main.o(.data) for AT_maintain
    attype.o(.text) refers to sim900a.o(.data) for ID_CFG
    attype.o(.text) refers to maintain.o(.text) for maintaince
    attype.o(.text) refers to fatfs.o(.text) for f_getfree
    attype.o(.text) refers to stm32f10x_gpio.o(.text) for GPIO_ResetBits
    devrep.o(.text) refers to fatfs.o(.text) for f_chdir
    devrep.o(.text) refers to rtc.o(.text) for get_time
    devrep.o(.text) refers to print.o(.text) for printp
    devrep.o(.text) refers to devrep.o(.data) for time1
[...]
    do_padding                               0x2000020c   Data           4  print.o(.data)
    left_flag                                0x20000210   Data           4  print.o(.data)
    len                                      0x20000214   Data           4  print.o(.data)
    num1                                     0x20000218   Data           4  print.o(.data)
    num2                                     0x2000021c   Data           4  print.o(.data)
    pad_character                            0x20000220   Data           1  print.o(.data)
    .data                                    0x20000224   Section       24  int.o(.data)
    stClock                                  0x20000224   Data           1  int.o(.data)
    time_s                                   0x20000226   Data           2  int.o(.data)
    a                                        0x20000228   Data           2  int.o(.data)
    dtc_timer                                0x2000022a   Data           2  int.o(.data)
    time_mm                                  0x2000022c   Data           1  int.o(.data)
    time_hh                                  0x2000022d   Data           1  int.o(.data)
    time_name                                0x2000022e   Data          10  int.o(.data)
    gprs_time                                0x20000238   Data           4  int.o(.data)
    .data                                    0x2000023c   Section      431  sim900a.o(.data)
    connectify                               0x200003c8   Data           1  sim900a.o(.data)
    connect_dog                              0x200003c9   Data           1  sim900a.o(.data)
    TimeRem_GPRS                             0x200003cc   Data           4  sim900a.o(.data)
    step                                     0x200003d0   Data           1  sim900a.o(.data)
    step                                     0x200003d2   Data           2  sim900a.o(.data)
    step                                     0x200003d4   Data           2  sim900a.o(.data)
    i                                        0x200003d6   Data           1  sim900a.o(.data)
    send_buffer                              0x200003d7   Data          20  sim900a.o(.data)
    .data                                    0x200003ec   Section       12  nrf24l01.o(.data)
    aaaa                                     0x200003f6   Data           2  nrf24l01.o(.data)
    .data                                    0x200003f8   Section       10  iso14230.o(.data)
    AddressBuff                              0x200003fa   Data           8  iso14230.o(.data)
    .data                                    0x20000402   Section        1  iso15765.o(.data)
    DataLenBuffer                            0x20000402   Data           1  iso15765.o(.data)
    .data                                    0x20000403   Section        8  iso9141.o(.data)
    AddressBuff                              0x20000403   Data           8  iso9141.o(.data)
    .bss                                     0x2000040c   Section     3188  main.o(.bss)
    file_time                                0x2000040c   Data         548  main.o(.bss)
    .bss                                     0x20001080   Section     1200  igprs.o(.bss)
    save_buffer                              0x20001080   Data         600  igprs.o(.bss)
    save_buffer_temp                         0x200012d8   Data         600  igprs.o(.bss)
    .bss                                     0x20001530   Section       16  autoloop.o(.bss)
    supptemp                                 0x20001530   Data          16  autoloop.o(.bss)
    .bss                                     0x20001540   Section     3088  datasave.o(.bss)
    file                                     0x20001540   Data         548  datasave.o(.bss)
    save_buffer                              0x20001764   Data         250  datasave.o(.bss)
    file_DTC                                 0x20001860   Data         548  datasave.o(.bss)
    save_buffer                              0x20001a84   Data          10  datasave.o(.bss)
    file_DTC                                 0x20001a90   Data         548  datasave.o(.bss)
    save_buffer                              0x20001cb4   Data         120  datasave.o(.bss)
    file_freeze                              0x20001d2c   Data         548  datasave.o(.bss)
    save_buffer                              0x20001f50   Data         512  datasave.o(.bss)
    .bss                                     0x20002150   Section     1336  devrep.o(.bss)
    file_Dev                                 0x20002150   Data         548  devrep.o(.bss)
    save_buffer                              0x20002374   Data         120  devrep.o(.bss)
    file_Dev                                 0x200023ec   Data         548  devrep.o(.bss)
    save_buffer                              0x20002610   Data         120  devrep.o(.bss)
    .bss                                     0x20002688   Section     1916  maintain.o(.bss)
    file_main                                0x20002688   Data         548  maintain.o(.bss)
    save_buffer                              0x200028ac   Data          30  maintain.o(.bss)
    save_buffer                              0x200028ca   Data         120  maintain.o(.bss)
    file_main                                0x20002944   Data         548  maintain.o(.bss)
    save_buffer                              0x20002b68   Data         120  maintain.o(.bss)
    file_main                                0x20002be0   Data         548  maintain.o(.bss)
    .bss                                     0x20002e04   Section     3158  usart.o(.bss)
    buffer                                   0x20002e04   Data          32  usart.o(.bss)
    .bss                                     0x20003a5c   Section      558  bsp.o(.bss)
    file                                     0x20003a5c   Data         548  bsp.o(.bss)
    .bss                                     0x20003c8c   Section      560  rtc.o(.bss)
    oldtimer                                 0x20003c8c   Data          12  rtc.o(.bss)
    file_time                                0x20003c98   Data         548  rtc.o(.bss)
    .bss                                     0x20003ebc   Section      548  int.o(.bss)
    file_time                                0x20003ebc   Data         548  int.o(.bss)
    .bss                                     0x200040e0   Section       32  iso15765.o(.bss)
    IDBuffer                                 0x200040e0   Data          32  iso15765.o(.bss)
    .bss                                     0x20004100   Section       96  libspace.o(.bss)
    HEAP                                     0x20004160   Section      512  startup_stm32f10x_md.o(HEAP)
    Heap_Mem                                 0x20004160   Data         512  startup_stm32f10x_md.o(HEAP)
    STACK                                    0x20004360   Section     1024  startup_stm32f10x_md.o(STACK)
    Stack_Mem                                0x20004360   Data        1024  startup_stm32f10x_md.o(STACK)
    __initial_sp                             0x20004760   Data           0  startup_stm32f10x_md.o(STACK)

    Global Symbols

    Symbol Name                              Value     Ov Type        Size  Object(Section)

    BuildAttributes$$THM_ISAv4$P$D$K$B$S$PE$A:L22UL41UL21$X:L11$S22US41US21$IEEE1$IW$USESV6$~STKCKD$USESV7$~SHL$OSPACE$ROPI$EBA8$UX$STANDARDLIB$REQ8$PRES8$EABIv2 0x00000000   Number         0  anon$$obj.o ABSOLUTE
    __ARM_use_no_argv                        0x00000000   Number         0  main.o ABSOLUTE
    __ARM_exceptions_init                     - Undefined Weak Reference
    __alloca_initialize                       - Undefined Weak Reference
    __cpp_initialize__aeabi_                  - Undefined Weak Reference
    __cxa_finalize                            - Undefined Weak Reference
    __sigvec_lookup                           - Undefined Weak Reference
    _atexit_init                              - Undefined Weak Reference
    _call_atexit_fns                          - Undefined Weak Reference
    _clock_init                               - Undefined Weak Reference
    _fp_trap_init                             - Undefined Weak Reference
    _fp_trap_shutdown                         - Undefined Weak Reference
    _get_lc_collate                           - Undefined Weak Reference
    _get_lc_monetary                          - Undefined Weak Reference
    _get_lc_numeric                           - Undefined Weak Reference
    _get_lc_time                              - Undefined Weak Reference
    _getenv_init                              - Undefined Weak Reference
    _handle_redirection                       - Undefined Weak Reference
    _init_alloc                               - Undefined Weak Reference
    _init_user_alloc                          - Undefined Weak Reference
    _initio                                   - Undefined Weak Reference
    _rand_init                                - Undefined Weak Reference
    _signal_finish                            - Undefined Weak Reference
    _signal_init                              - Undefined Weak Reference
    _terminate_alloc                          - Undefined Weak Reference
    _terminate_user_alloc                     - Undefined Weak Reference
    _terminateio                              - Undefined Weak Reference
    __Vectors_Size                           0x000000ec   Number         0  startup_stm32f10x_md.o ABSOLUTE
    __Vectors                                0x08008000   Data           4  startup_stm32f10x_md.o(RESET)
    __Vectors_End                            0x080080ec   Data           0  startup_stm32f10x_md.o(RESET)
    __main                                   0x080080ed   Thumb Code     8  __main.o(!!!main)
    __scatterload                            0x080080f5   Thumb Code     0  __scatter.o(!!!scatter)
    __scatterload_rt2                        0x080080f5   Thumb Code    44  __scatter.o(!!!scatter)
    __scatterload_rt2_thumb_only             0x080080f5   Thumb Code     0  __scatter.o(!!!scatter)
    __scatterload_null                       0x08008103   Thumb Code     0  __scatter.o(!!!scatter)
    __decompress                             0x08008129   Thumb Code    90  __dczerorl2.o(!!dczerorl2)
    __decompress1                            0x08008129   Thumb Code     0  __dczerorl2.o(!!dczerorl2)
    __scatterload_zeroinit                   0x08008185   Thumb Code    28  __scatter_zi.o(!!handler_zi)
    __rt_lib_init                            0x080081a1   Thumb Code     0  libinit.o(.ARM.Collect$$libinit$$00000000)
    __rt_lib_init_heap_1                     0x080081a7   Thumb Code     0  libinit2.o(.ARM.Collect$$libinit$$00000006)
    __rt_lib_init_lc_common                  0x080081a7   Thumb Code     0  libinit2.o(.ARM.Collect$$libinit$$0000000B)
    __rt_lib_init_rand_1                     0x080081a7   Thumb Code     0  libinit2.o(.ARM.Collect$$libinit$$0000000A)
    __rt_lib_init_user_alloc_1               0x080081a7   Thumb Code     0  libinit2.o(.ARM.Collect$$libinit$$00000008)
    __rt_lib_init_lc_collate_1               0x080081ad   Thumb Code     0  libinit2.o(.ARM.Collect$$libinit$$0000000D)
    __rt_lib_init_lc_ctype_2                 0x080081ad   Thumb Code     0  libinit2.o(.ARM.Collect$$libinit$$0000000E)
    __rt_lib_init_alloca_1                   0x080081b9   Thumb Code     0  libinit2.o(.ARM.Collect$$libinit$$0000002A)
    __rt_lib_init_argv_1                     0x080081b9   Thumb Code     0  libinit2.o(.ARM.Collect$$libinit$$00000028)
    __rt_lib_init_atexit_1                   0x080081b9   Thumb Code     0  libinit2.o(.ARM.Collect$$libinit$$00000017)
    __rt_lib_init_clock_1                    0x080081b9   Thumb Code     0  libinit2.o(.ARM.Collect$$libinit$$0000001D)
    __rt_lib_init_cpp_1                      0x080081b9   Thumb Code     0  libinit2.o(.ARM.Collect$$libinit$$0000002E)
    __rt_lib_init_exceptions_1               0x080081b9   Thumb Code     0  libinit2.o(.ARM.Collect$$libinit$$0000002C)
    __rt_lib_init_fp_trap_1                  0x080081b9   Thumb Code     0  libinit2.o(.ARM.Collect$$libinit$$0000001B)
    __rt_lib_init_getenv_1                   0x080081b9   Thumb Code     0  libinit2.o(.ARM.Collect$$libinit$$0000001F)
    __rt_lib_init_lc_ctype_1                 0x080081b9   Thumb Code     0  libinit2.o(.ARM.Collect$$libinit$$0000000F)
    __rt_lib_init_lc_monetary_1              0x080081b9   Thumb Code     0  libinit2.o(.ARM.Collect$$libinit$$00000011)
    __rt_lib_init_lc_numeric_1               0x080081b9   Thumb Code     0  libinit2.o(.ARM.Collect$$libinit$$00000013)
    __rt_lib_init_lc_time_1                  0x080081b9   Thumb Code     0  libinit2.o(.ARM.Collect$$libinit$$00000015)
    __rt_lib_init_return                     0x080081b9   Thumb Code     0  libinit2.o(.ARM.Collect$$libinit$$0000002F)
    __rt_lib_init_signal_1                   0x080081b9   Thumb Code     0  libinit2.o(.ARM.Collect$$libinit$$00000019)
    __rt_lib_init_stdio_1                    0x080081b9   Thumb Code     0  libinit2.o(.ARM.Collect$$libinit$$00000021)
    __rt_lib_shutdown                        0x080081bb   Thumb Code     0  libshutdown.o(.ARM.Collect$$libshutdown$$00000000)
    __rt_lib_shutdown_fp_trap_1              0x080081bd   Thumb Code     0  libshutdown2.o(.ARM.Collect$$libshutdown$$00000006)
    __rt_lib_shutdown_heap_1                 0x080081bd   Thumb Code     0  libshutdown2.o(.ARM.Collect$$libshutdown$$0000000E)
    __rt_lib_shutdown_return                 0x080081bd   Thumb Code     0  libshutdown2.o(.ARM.Collect$$libshutdown$$0000000F)
    __rt_lib_shutdown_signal_1               0x080081bd   Thumb Code     0  libshutdown2.o(.ARM.Collect$$libshutdown$$00000009)
    __rt_lib_shutdown_stdio_1                0x080081bd   Thumb Code     0  libshutdown2.o(.ARM.Collect$$libshutdown$$00000003)
    __rt_lib_shutdown_user_alloc_1           0x080081bd   Thumb Code     0  libshutdown2.o(.ARM.Collect$$libshutdown$$0000000B)
    __rt_entry                               0x080081bf   Thumb Code     0  rtentry.o(.ARM.Collect$$rtentry$$00000000)
    __rt_entry_presh_1                       0x080081bf   Thumb Code     0  rtentry2.o(.ARM.Collect$$rtentry$$00000002)
    __rt_entry_sh                            0x080081bf   Thumb Code     0  rtentry4.o(.ARM.Collect$$rtentry$$00000004)
    __rt_entry_li                            0x080081c5   Thumb Code     0  rtentry2.o(.ARM.Collect$$rtentry$$0000000A)
    __rt_entry_postsh_1                      0x080081c5   Thumb Code     0  rtentry2.o(.ARM.Collect$$rtentry$$00000009)
    __rt_entry_main                          0x080081c9   Thumb Code     0  rtentry2.o(.ARM.Collect$$rtentry$$0000000D)
    __rt_entry_postli_1                      0x080081c9   Thumb Code     0  rtentry2.o(.ARM.Collect$$rtentry$$0000000C)
    __rt_exit                                0x080081d1   Thumb Code     0  rtexit.o(.ARM.Collect$$rtexit$$00000000)
    __rt_exit_ls                             0x080081d3   Thumb Code     0  rtexit2.o(.ARM.Collect$$rtexit$$00000003)
    __rt_exit_prels_1                        0x080081d3   Thumb Code     0  rtexit2.o(.ARM.Collect$$rtexit$$00000002)
    __rt_exit_exit                           0x080081d7   Thumb Code     0  rtexit2.o(.ARM.Collect$$rtexit$$00000004)
    SystemInit                               0x080082a5   Thumb Code    70  system_stm32f10x.o(.text)
    SystemCoreClockUpdate                    0x080082eb   Thumb Code   142  system_stm32f10x.o(.text)
    main                                     0x08008399   Thumb Code    96  main.o(.text)
    DelayMs                                  0x080083f9   Thumb Code    26  main.o(.text)
    ECU_recode                               0x08008413   Thumb Code   310  main.o(.text)
    DOG_recode                               0x08008549   Thumb Code   168  main.o(.text)
    GPRS_recode                              0x080085f1   Thumb Code    50  main.o(.text)
    BtSend                                   0x08008665   Thumb Code   474  icar.o(.text)
    BtRx                                     0x0800883f   Thumb Code   750  icar.o(.text)
    OBD_Main                                 0x08008b2d   Thumb Code   356  icar.o(.text)
    GPRSSend                                 0x08008cb9   Thumb Code   544  igprs.o(.text)
    GPRSRx                                   0x08008ed9   Thumb Code  1304  igprs.o(.text)
    GPRS_Data                                0x080093f1   Thumb Code  1324  igprs.o(.text)
    GPRS_Main                                0x0800991d   Thumb Code    82  igprs.o(.text)
    PID_chose                                0x080099c1   Thumb Code   158  autoloop.o(.text)
    DynInfCop                                0x08009a5f   Thumb Code  1708  autoloop.o(.text)
    Main_send                                0x0800a10b   Thumb Code   204  autoloop.o(.text)
    Cycle_Main                               0x0800a1d7   Thumb Code  1380  autoloop.o(.text)
    state_judge                              0x0800a73b   Thumb Code    88  autoloop.o(.text)
    PID_check                                0x0800a793   Thumb Code   918  autoloop.o(.text)
    main_loop                                0x0800ab29   Thumb Code   206  autoloop.o(.text)
    freeze_save                              0x0800ac39   Thumb Code   702  datasave.o(.text)
    DTC_save                                 0x0800aef7   Thumb Code   662  datasave.o(.text)
    DYN_save                                 0x0800b18d   Thumb Code  1618  datasave.o(.text)
    Data_save                                0x0800b7df   Thumb Code    76  datasave.o(.text)
    DTC_wipe_recode                          0x0800b82b   Thumb Code   332  datasave.o(.text)
    AT_master                                0x0800b981   Thumb Code   292  attype.o(.text)
    timer_init                               0x0800baa5   Thumb Code    70  attype.o(.text)
    AT_type                                  0x0800baeb   Thumb Code  2186  attype.o(.text)
    check_free_space                         0x0800c375   Thumb Code   112  attype.o(.text)
    check_hiden_trouble                      0x0800c3e5   Thumb Code   918  attype.o(.text)
    main_DevRep                              0x0800c781   Thumb Code   420  devrep.o(.text)
    Tro_Code                                 0x0800c925   Thumb Code   370  devrep.o(.text)
    read_file                                0x0800cb05   Thumb Code   258  maintain.o(.text)
    begin                                    0x0800cc07   Thumb Code   112  maintain.o(.text)
    MaintainJudge                            0x0800cc77   Thumb Code    76  maintain.o(.text)
    maintaince                               0x0800ccc3   Thumb Code   334  maintain.o(.text)
    maintaince_test                          0x0800ce11   Thumb Code   496  maintain.o(.text)
    NVIC_PriorityGroupConfig                 0x0800d00d   Thumb Code    10  misc.o(.text)
    NVIC_Init                                0x0800d017   Thumb Code   118  misc.o(.text)
    NVIC_SetVectorTable                      0x0800d08d   Thumb Code    12  misc.o(.text)
    NVIC_SystemLPConfig                      0x0800d099   Thumb Code    38  misc.o(.text)
    SysTick_CLKSourceConfig                  0x0800d0bf   Thumb Code    40  misc.o(.text)
    CAN_DeInit                               0x0800d105   Thumb Code    50  stm32f10x_can.o(.text)
    CAN_Init                                 0x0800d137   Thumb Code   284  stm32f10x_can.o(.text)
    CAN_FilterInit                           0x0800d253   Thumb Code   250  stm32f10x_can.o(.text)
    CAN_StructInit                           0x0800d34d   Thumb Code    32  stm32f10x_can.o(.text)
    CAN_SlaveStartBank                       0x0800d36d   Thumb Code    62  stm32f10x_can.o(.text)
    CAN_DBGFreeze                            0x0800d3ab   Thumb Code    22  stm32f10x_can.o(.text)
    CAN_TTComModeCmd                         0x0800d3c1   Thumb Code   118  stm32f10x_can.o(.text)
    CAN_Transmit                             0x0800d437   Thumb Code   332  stm32f10x_can.o(.text)
    CAN_TransmitStatus                       0x0800d583   Thumb Code   138  stm32f10x_can.o(.text)
    CAN_CancelTransmit                       0x0800d60d   Thumb Code    48  stm32f10x_can.o(.text)
    CAN_Receive                              0x0800d63d   Thumb Code   240  stm32f10x_can.o(.text)
    CAN_FIFORelease                          0x0800d72d   Thumb Code    22  stm32f10x_can.o(.text)
    CAN_MessagePending                       0x0800d743   Thumb Code    30  stm32f10x_can.o(.text)
    CAN_OperatingModeRequest                 0x0800d761   Thumb Code   162  stm32f10x_can.o(.text)
    CAN_Sleep                                0x0800d803   Thumb Code    30  stm32f10x_can.o(.text)
    CAN_WakeUp                               0x0800d821   Thumb Code    48  stm32f10x_can.o(.text)
    CAN_GetLastErrorCode                     0x0800d851   Thumb Code    12  stm32f10x_can.o(.text)
    CAN_GetReceiveErrorCounter               0x0800d85d   Thumb Code    10  stm32f10x_can.o(.text)
    CAN_GetLSBTransmitErrorCounter           0x0800d867   Thumb Code    12  stm32f10x_can.o(.text)
    CAN_ITConfig                             0x0800d873   Thumb Code    18  stm32f10x_can.o(.text)
    CAN_GetFlagStatus                        0x0800d885   Thumb Code   120  stm32f10x_can.o(.text)
    CAN_ClearFlag                            0x0800d8fd   Thumb Code    52  stm32f10x_can.o(.text)
    CAN_GetITStatus                          0x0800d941   Thumb Code   306  stm32f10x_can.o(.text)
    CAN_ClearITPendingBit                    0x0800da73   Thumb Code   162  stm32f10x_can.o(.text)
    GPIO_DeInit                              0x0800db19   Thumb Code   172  stm32f10x_gpio.o(.text)
    GPIO_AFIODeInit                          0x0800dbc5   Thumb Code    20  stm32f10x_gpio.o(.text)
    GPIO_Init                                0x0800dbd9   Thumb Code   274  stm32f10x_gpio.o(.text)
    GPIO_StructInit                          0x0800dceb   Thumb Code    16  stm32f10x_gpio.o(.text)
    GPIO_ReadInputDataBit                    0x0800dcfb   Thumb Code    18  stm32f10x_gpio.o(.text)
    GPIO_ReadInputData                       0x0800dd0d   Thumb Code     8  stm32f10x_gpio.o(.text)
    GPIO_ReadOutputDataBit                   0x0800dd15   Thumb Code    18  stm32f10x_gpio.o(.text)
    GPIO_ReadOutputData                      0x0800dd27   Thumb Code     8  stm32f10x_gpio.o(.text)
    GPIO_SetBits                             0x0800dd2f   Thumb Code     4  stm32f10x_gpio.o(.text)
    GPIO_ResetBits                           0x0800dd33   Thumb Code     4  stm32f10x_gpio.o(.text)
    GPIO_WriteBit                            0x0800dd37   Thumb Code    10  stm32f10x_gpio.o(.text)
    GPIO_Write                               0x0800dd41   Thumb Code     4  stm32f10x_gpio.o(.text)
    GPIO_PinLockConfig                       0x0800dd45   Thumb Code    18  stm32f10x_gpio.o(.text)
    GPIO_EventOutputConfig                   0x0800dd57   Thumb Code    26  stm32f10x_gpio.o(.text)
    GPIO_EventOutputCmd                      0x0800dd71   Thumb Code     6  stm32f10x_gpio.o(.text)
    GPIO_PinRemapConfig                      0x0800dd77   Thumb Code   138  stm32f10x_gpio.o(.text)
    GPIO_EXTILineConfig                      0x0800de01   Thumb Code    66  stm32f10x_gpio.o(.text)
    GPIO_ETH_MediaInterfaceConfig            0x0800de43   Thumb Code     6  stm32f10x_gpio.o(.text)
    RCC_DeInit                               0x0800de71   Thumb Code    64  stm32f10x_rcc.o(.text)
    RCC_HSEConfig                            0x0800deb1   Thumb Code    70  stm32f10x_rcc.o(.text)
    RCC_GetFlagStatus                        0x0800def7   Thumb Code    56  stm32f10x_rcc.o(.text)
    RCC_WaitForHSEStartUp                    0x0800df2f   Thumb Code    48  stm32f10x_rcc.o(.text)
    RCC_AdjustHSICalibrationValue            0x0800df5f   Thumb Code    20  stm32f10x_rcc.o(.text)
    RCC_HSICmd                               0x0800df73   Thumb Code     6  stm32f10x_rcc.o(.text)
    RCC_PLLConfig                            0x0800df79   Thumb Code    24  stm32f10x_rcc.o(.text)
    RCC_PLLCmd                               0x0800df91   Thumb Code     6  stm32f10x_rcc.o(.text)
    RCC_SYSCLKConfig                         0x0800df97   Thumb Code    18  stm32f10x_rcc.o(.text)
    RCC_GetSYSCLKSource                      0x0800dfa9   Thumb Code    10  stm32f10x_rcc.o(.text)
    RCC_HCLKConfig                           0x0800dfb3   Thumb Code    18  stm32f10x_rcc.o(.text)
    RCC_PCLK1Config                          0x0800dfc5   Thumb Code    18  stm32f10x_rcc.o(.text)
    RCC_PCLK2Config                          0x0800dfd7   Thumb Code    20  stm32f10x_rcc.o(.text)
    RCC_ITConfig                             0x0800dfeb   Thumb Code    30  stm32f10x_rcc.o(.text)
    RCC_USBCLKConfig                         0x0800e009   Thumb Code     6  stm32f10x_rcc.o(.text)
    RCC_ADCCLKConfig                         0x0800e00f   Thumb Code    18  stm32f10x_rcc.o(.text)
    RCC_LSEConfig                            0x0800e021   Thumb Code    44  stm32f10x_rcc.o(.text)
    RCC_LSICmd                               0x0800e04d   Thumb Code     6  stm32f10x_rcc.o(.text)
    RCC_RTCCLKConfig                         0x0800e053   Thumb Code    12  stm32f10x_rcc.o(.text)
    RCC_RTCCLKCmd                            0x0800e05f   Thumb Code     6  stm32f10x_rcc.o(.text)
    RCC_GetClocksFreq                        0x0800e065   Thumb Code   192  stm32f10x_rcc.o(.text)
    RCC_AHBPeriphClockCmd                    0x0800e125   Thumb Code    26  stm32f10x_rcc.o(.text)
    RCC_APB2PeriphClockCmd                   0x0800e13f   Thumb Code    26  stm32f10x_rcc.o(.text)
    RCC_APB1PeriphClockCmd                   0x0800e159   Thumb Code    26  stm32f10x_rcc.o(.text)
    RCC_APB2PeriphResetCmd                   0x0800e173   Thumb Code    26  stm32f10x_rcc.o(.text)
    RCC_APB1PeriphResetCmd                   0x0800e18d   Thumb Code    26  stm32f10x_rcc.o(.text)
    RCC_BackupResetCmd                       0x0800e1a7   Thumb Code     6  stm32f10x_rcc.o(.text)
    RCC_ClockSecuritySystemCmd               0x0800e1ad   Thumb Code     6  stm32f10x_rcc.o(.text)
    RCC_MCOConfig                            0x0800e1b3   Thumb Code     6  stm32f10x_rcc.o(.text)
    RCC_ClearFlag                            0x0800e1b9   Thumb Code    14  stm32f10x_rcc.o(.text)
    RCC_GetITStatus                          0x0800e1c7   Thumb Code    20  stm32f10x_rcc.o(.text)
    RCC_ClearITPendingBit                    0x0800e1db   Thumb Code     6  stm32f10x_rcc.o(.text)
    USART_DeInit                             0x0800e215   Thumb Code   134  stm32f10x_usart.o(.text)
    USART_Init                               0x0800e29b   Thumb Code   210  stm32f10x_usart.o(.text)
    USART_StructInit                         0x0800e36d   Thumb Code    24  stm32f10x_usart.o(.text)
    USART_ClockInit                          0x0800e385   Thumb Code    34  stm32f10x_usart.o(.text)
    USART_ClockStructInit                    0x0800e3a7   Thumb Code    12  stm32f10x_usart.o(.text)
    USART_Cmd                                0x0800e3b3   Thumb Code    24  stm32f10x_usart.o(.text)
    USART_ITConfig                           0x0800e3cb   Thumb Code    74  stm32f10x_usart.o(.text)
    USART_DMACmd                             0x0800e415   Thumb Code    24  stm32f10x_usart.o(.text)
    USART_SetAddress                         0x0800e42d   Thumb Code    18  stm32f10x_usart.o(.text)
    USART_WakeUpConfig                       0x0800e43f   Thumb Code    18  stm32f10x_usart.o(.text)
    USART_ReceiverWakeUpCmd                  0x0800e451   Thumb Code    24  stm32f10x_usart.o(.text)
    USART_LINBreakDetectLengthConfig         0x0800e469   Thumb Code    18  stm32f10x_usart.o(.text)
    USART_LINCmd                             0x0800e47b   Thumb Code    24  stm32f10x_usart.o(.text)
    USART_SendData                           0x0800e493   Thumb Code     8  stm32f10x_usart.o(.text)
    USART_ReceiveData                        0x0800e49b   Thumb Code    10  stm32f10x_usart.o(.text)
    USART_SendBreak                          0x0800e4a5   Thumb Code    10  stm32f10x_usart.o(.text)
    USART_SetGuardTime                       0x0800e4af   Thumb Code    16  stm32f10x_usart.o(.text)
    USART_SetPrescaler                       0x0800e4bf   Thumb Code    16  stm32f10x_usart.o(.text)
    USART_SmartCardCmd                       0x0800e4cf   Thumb Code    24  stm32f10x_usart.o(.text)
    USART_SmartCardNACKCmd                   0x0800e4e7   Thumb Code    24  stm32f10x_usart.o(.text)
    USART_HalfDuplexCmd                      0x0800e4ff   Thumb Code    24  stm32f10x_usart.o(.text)
    USART_OverSampling8Cmd                   0x0800e517   Thumb Code    22  stm32f10x_usart.o(.text)
    USART_OneBitMethodCmd                    0x0800e52d   Thumb Code    24  stm32f10x_usart.o(.text)
    USART_IrDAConfig                         0x0800e545   Thumb Code    18  stm32f10x_usart.o(.text)
    USART_IrDACmd                            0x0800e557   Thumb Code    24  stm32f10x_usart.o(.text)
    USART_GetFlagStatus                      0x0800e56f   Thumb Code    26  stm32f10x_usart.o(.text)
    USART_ClearFlag                          0x0800e589   Thumb Code    18  stm32f10x_usart.o(.text)
    USART_GetITStatus                        0x0800e59b   Thumb Code    84  stm32f10x_usart.o(.text)
    USART_ClearITPendingBit                  0x0800e5ef   Thumb Code    50  stm32f10x_usart.o(.text)
    TIM_DeInit                               0x0800e621   Thumb Code   424  stm32f10x_tim.o(.text)
    TIM_TimeBaseInit                         0x0800e7c9   Thumb Code   122  stm32f10x_tim.o(.text)
    TIM_OC1Init                              0x0800e843   Thumb Code   132  stm32f10x_tim.o(.text)
    TIM_OC2Init                              0x0800e8c7   Thumb Code   146  stm32f10x_tim.o(.text)
    TIM_OC3Init                              0x0800e959   Thumb Code   142  stm32f10x_tim.o(.text)
    TIM_OC4Init                              0x0800e9e7   Thumb Code   172  stm32f10x_tim.o(.text)
    TIM_SetIC4Prescaler                      0x0800ea93   Thumb Code    22  stm32f10x_tim.o(.text)
    TIM_SetIC3Prescaler                      0x0800eb1f   Thumb Code    18  stm32f10x_tim.o(.text)
    TIM_SetIC2Prescaler                      0x0800eba3   Thumb Code    22  stm32f10x_tim.o(.text)
    TIM_SetIC1Prescaler                      0x0800ec2f   Thumb Code    18  stm32f10x_tim.o(.text)
    TIM_ICInit                               0x0800ecab   Thumb Code   150  stm32f10x_tim.o(.text)
    TIM_PWMIConfig                           0x0800ed41   Thumb Code   124  stm32f10x_tim.o(.text)
    TIM_BDTRConfig                           0x0800edbd   Thumb Code    32  stm32f10x_tim.o(.text)
    TIM_TimeBaseStructInit                   0x0800eddd   Thumb Code    18  stm32f10x_tim.o(.text)
    TIM_OCStructInit                         0x0800edef   Thumb Code    20  stm32f10x_tim.o(.text)
    TIM_ICStructInit                         0x0800ee03   Thumb Code    18  stm32f10x_tim.o(.text)
    TIM_BDTRStructInit                       0x0800ee15   Thumb Code    18  stm32f10x_tim.o(.text)
    TIM_Cmd                                  0x0800ee27   Thumb Code    24  stm32f10x_tim.o(.text)
    TIM_CtrlPWMOutputs                       0x0800ee3f   Thumb Code    52  stm32f10x_tim.o(.text)
    TIM_ITConfig                             0x0800ee73   Thumb Code    24  stm32f10x_tim.o(.text)
    TIM_GenerateEvent                        0x0800ee8b   Thumb Code     4  stm32f10x_tim.o(.text)
    TIM_DMAConfig                            0x0800ee8f   Thumb Code    10  stm32f10x_tim.o(.text)
    TIM_DMACmd                               0x0800ee99   Thumb Code    24  stm32f10x_tim.o(.text)
    TIM_InternalClockConfig                  0x0800eeb1   Thumb Code    12  stm32f10x_tim.o(.text)
    TIM_SelectInputTrigger                   0x0800eebd   Thumb Code    18  stm32f10x_tim.o(.text)
    TIM_ITRxExternalClockConfig              0x0800eecf   Thumb Code    24  stm32f10x_tim.o(.text)
    TIM_TIxExternalClockConfig               0x0800eee7   Thumb Code    62  stm32f10x_tim.o(.text)
    TIM_ETRConfig                            0x0800ef25   Thumb Code    24  stm32f10x_tim.o(.text)
    TIM_ETRClockMode1Config                  0x0800ef3d   Thumb Code    54  stm32f10x_tim.o(.text)
    TIM_ETRClockMode2Config                  0x0800ef73   Thumb Code    32  stm32f10x_tim.o(.text)
    TIM_PrescalerConfig                      0x0800ef93   Thumb Code     6  stm32f10x_tim.o(.text)
    TIM_CounterModeConfig                    0x0800ef99   Thumb Code    18  stm32f10x_tim.o(.text)
    TIM_EncoderInterfaceConfig               0x0800efab   Thumb Code    62  stm32f10x_tim.o(.text)
    TIM_ForcedOC1Config                      0x0800efe9   Thumb Code    18  stm32f10x_tim.o(.text)
    TIM_ForcedOC2Config                      0x0800effb   Thumb Code    22  stm32f10x_tim.o(.text)
    TIM_ForcedOC3Config                      0x0800f011   Thumb Code    18  stm32f10x_tim.o(.text)
    TIM_ForcedOC4Config                      0x0800f023   Thumb Code    22  stm32f10x_tim.o(.text)
    TIM_ARRPreloadConfig                     0x0800f039   Thumb Code    24  stm32f10x_tim.o(.text)
    TIM_SelectCOM                            0x0800f051   Thumb Code    24  stm32f10x_tim.o(.text)
    TIM_SelectCCDMA                          0x0800f069   Thumb Code    24  stm32f10x_tim.o(.text)
    TIM_CCPreloadControl                     0x0800f081   Thumb Code    24  stm32f10x_tim.o(.text)
    TIM_OC1PreloadConfig                     0x0800f099   Thumb Code    18  stm32f10x_tim.o(.text)
    TIM_OC2PreloadConfig                     0x0800f0ab   Thumb Code    22  stm32f10x_tim.o(.text)
    TIM_OC3PreloadConfig                     0x0800f0c1   Thumb Code    18  stm32f10x_tim.o(.text)
    TIM_OC4PreloadConfig                     0x0800f0d3   Thumb Code    22  stm32f10x_tim.o(.text)
    TIM_OC1FastConfig                        0x0800f0e9   Thumb Code    18  stm32f10x_tim.o(.text)
    TIM_OC2FastConfig                        0x0800f0fb   Thumb Code    22  stm32f10x_tim.o(.text)
    TIM_OC3FastConfig                        0x0800f111   Thumb Code    18  stm32f10x_tim.o(.text)
    TIM_OC4FastConfig                        0x0800f123   Thumb Code    22  stm32f10x_tim.o(.text)
    TIM_ClearOC1Ref                          0x0800f139   Thumb Code    18  stm32f10x_tim.o(.text)
    TIM_ClearOC2Ref                          0x0800f14b   Thumb Code    20  stm32f10x_tim.o(.text)
    TIM_ClearOC3Ref                          0x0800f15f   Thumb Code    18  stm32f10x_tim.o(.text)
    TIM_ClearOC4Ref                          0x0800f171   Thumb Code    20  stm32f10x_tim.o(.text)
    TIM_OC1PolarityConfig                    0x0800f185   Thumb Code    18  stm32f10x_tim.o(.text)
    TIM_OC1NPolarityConfig                   0x0800f197   Thumb Code    18  stm32f10x_tim.o(.text)
    TIM_OC2PolarityConfig                    0x0800f1a9   Thumb Code    22  stm32f10x_tim.o(.text)
    TIM_OC2NPolarityConfig                   0x0800f1bf   Thumb Code    22  stm32f10x_tim.o(.text)
    TIM_OC3PolarityConfig                    0x0800f1d5   Thumb Code    22  stm32f10x_tim.o(.text)
    TIM_OC3NPolarityConfig                   0x0800f1eb   Thumb Code    22  stm32f10x_tim.o(.text)
    TIM_OC4PolarityConfig                    0x0800f201   Thumb Code    22  stm32f10x_tim.o(.text)
    TIM_CCxCmd                               0x0800f217   Thumb Code    34  stm32f10x_tim.o(.text)
    TIM_CCxNCmd                              0x0800f239   Thumb Code    34  stm32f10x_tim.o(.text)
    TIM_SelectOCxM                           0x0800f25b   Thumb Code    82  stm32f10x_tim.o(.text)
    TIM_UpdateDisableConfig                  0x0800f2ad   Thumb Code    24  stm32f10x_tim.o(.text)
    TIM_UpdateRequestConfig                  0x0800f2c5   Thumb Code    24  stm32f10x_tim.o(.text)
    TIM_SelectHallSensor                     0x0800f2dd   Thumb Code    24  stm32f10x_tim.o(.text)
    TIM_SelectOnePulseMode                   0x0800f2f5   Thumb Code    18  stm32f10x_tim.o(.text)
    TIM_SelectOutputTrigger                  0x0800f307   Thumb Code    18  stm32f10x_tim.o(.text)
    TIM_SelectSlaveMode                      0x0800f319   Thumb Code    18  stm32f10x_tim.o(.text)
    TIM_SelectMasterSlaveMode                0x0800f32b   Thumb Code    18  stm32f10x_tim.o(.text)
    TIM_SetCounter                           0x0800f33d   Thumb Code     4  stm32f10x_tim.o(.text)
    TIM_SetAutoreload                        0x0800f341   Thumb Code     4  stm32f10x_tim.o(.text)
    TIM_SetCompare1                          0x0800f345   Thumb Code     4  stm32f10x_tim.o(.text)
    TIM_SetCompare2                          0x0800f349   Thumb Code     4  stm32f10x_tim.o(.text)
    TIM_SetCompare3                          0x0800f34d   Thumb Code     4  stm32f10x_tim.o(.text)
    TIM_SetCompare4                          0x0800f351   Thumb Code     6  stm32f10x_tim.o(.text)
    TIM_SetClockDivision                     0x0800f357   Thumb Code    18  stm32f10x_tim.o(.text)
    TIM_GetCapture1                          0x0800f369   Thumb Code     6  stm32f10x_tim.o(.text)
    TIM_GetCapture2                          0x0800f36f   Thumb Code     6  stm32f10x_tim.o(.text)
    TIM_GetCapture3                          0x0800f375   Thumb Code     6  stm32f10x_tim.o(.text)
    TIM_GetCapture4                          0x0800f37b   Thumb Code     8  stm32f10x_tim.o(.text)
    TIM_GetCounter                           0x0800f383   Thumb Code     6  stm32f10x_tim.o(.text)
    TIM_GetPrescaler                         0x0800f389   Thumb Code     6  stm32f10x_tim.o(.text)
    TIM_GetFlagStatus                        0x0800f38f   Thumb Code    18  stm32f10x_tim.o(.text)
    TIM_ClearFlag                            0x0800f3a1   Thumb Code     6  stm32f10x_tim.o(.text)
    TIM_GetITStatus                          0x0800f3a7   Thumb Code    34  stm32f10x_tim.o(.text)
    TIM_ClearITPendingBit                    0x0800f3c9   Thumb Code     6  stm32f10x_tim.o(.text)
    SPI_I2S_DeInit                           0x0800f3d1   Thumb Code    76  stm32f10x_spi.o(.text)
    SPI_Init                                 0x0800f41d   Thumb Code    60  stm32f10x_spi.o(.text)
    I2S_Init                                 0x0800f459   Thumb Code   222  stm32f10x_spi.o(.text)
    SPI_StructInit                           0x0800f537   Thumb Code    24  stm32f10x_spi.o(.text)
    I2S_StructInit                           0x0800f54f   Thumb Code    20  stm32f10x_spi.o(.text)
    SPI_Cmd                                  0x0800f563   Thumb Code    24  stm32f10x_spi.o(.text)
    I2S_Cmd                                  0x0800f57b   Thumb Code    24  stm32f10x_spi.o(.text)
    SPI_I2S_ITConfig                         0x0800f593   Thumb Code    36  stm32f10x_spi.o(.text)
    SPI_I2S_DMACmd                           0x0800f5b7   Thumb Code    24  stm32f10x_spi.o(.text)
    SPI_I2S_SendData                         0x0800f5cf   Thumb Code     4  stm32f10x_spi.o(.text)
    SPI_I2S_ReceiveData                      0x0800f5d3   Thumb Code     6  stm32f10x_spi.o(.text)
    SPI_NSSInternalSoftwareConfig            0x0800f5d9   Thumb Code    30  stm32f10x_spi.o(.text)
    SPI_SSOutputCmd                          0x0800f5f7   Thumb Code    24  stm32f10x_spi.o(.text)
    SPI_DataSizeConfig                       0x0800f60f   Thumb Code    18  stm32f10x_spi.o(.text)
    SPI_TransmitCRC                          0x0800f621   Thumb Code    10  stm32f10x_spi.o(.text)
    SPI_CalculateCRC                         0x0800f62b   Thumb Code    24  stm32f10x_spi.o(.text)
    SPI_GetCRC                               0x0800f643   Thumb Code    16  stm32f10x_spi.o(.text)
    SPI_GetCRCPolynomial                     0x0800f653   Thumb Code     6  stm32f10x_spi.o(.text)
    SPI_BiDirectionalLineConfig              0x0800f659   Thumb Code    28  stm32f10x_spi.o(.text)
    SPI_I2S_GetFlagStatus                    0x0800f675   Thumb Code    18  stm32f10x_spi.o(.text)
    SPI_I2S_ClearFlag                        0x0800f687   Thumb Code     6  stm32f10x_spi.o(.text)
    SPI_I2S_GetITStatus                      0x0800f68d   Thumb Code    52  stm32f10x_spi.o(.text)
    SPI_I2S_ClearITPendingBit                0x0800f6c1   Thumb Code    20  stm32f10x_spi.o(.text)
    IWDG_WriteAccessCmd                      0x0800f6e1   Thumb Code     6  stm32f10x_iwdg.o(.text)
    IWDG_SetPrescaler                        0x0800f6e7   Thumb Code     6  stm32f10x_iwdg.o(.text)
    IWDG_SetReload                           0x0800f6ed   Thumb Code     6  stm32f10x_iwdg.o(.text)
    IWDG_ReloadCounter                       0x0800f6f3   Thumb Code    10  stm32f10x_iwdg.o(.text)
    IWDG_Enable                              0x0800f6fd   Thumb Code    10  stm32f10x_iwdg.o(.text)
    IWDG_GetFlagStatus                       0x0800f707   Thumb Code    20  stm32f10x_iwdg.o(.text)
    Reset_Handler                            0x0800f721   Thumb Code     8  startup_stm32f10x_md.o(.text)
    ADC1_2_IRQHandler                        0x0800f73b   Thumb Code     0  startup_stm32f10x_md.o(.text)
    CAN1_RX1_IRQHandler                      0x0800f73b   Thumb Code     0  startup_stm32f10x_md.o(.text)
    CAN1_SCE_IRQHandler                      0x0800f73b   Thumb Code     0  startup_stm32f10x_md.o(.text)
    DMA1_Channel1_IRQHandler                 0x0800f73b   Thumb Code     0  startup_stm32f10x_md.o(.text)
    DMA1_Channel2_IRQHandler                 0x0800f73b   Thumb Code     0  startup_stm32f10x_md.o(.text)
    DMA1_Channel3_IRQHandler                 0x0800f73b   Thumb Code     0  startup_stm32f10x_md.o(.text)
    DMA1_Channel4_IRQHandler                 0x0800f73b   Thumb Code     0  startup_stm32f10x_md.o(.text)
    DMA1_Channel5_IRQHandler                 0x0800f73b   Thumb Code     0  startup_stm32f10x_md.o(.text)
    DMA1_Channel6_IRQHandler                 0x0800f73b   Thumb Code     0  startup_stm32f10x_md.o(.text)
    DMA1_Channel7_IRQHandler                 0x0800f73b   Thumb Code     0  startup_stm32f10x_md.o(.text)
    EXTI0_IRQHandler                         0x0800f73b   Thumb Code     0  startup_stm32f10x_md.o(.text)
    EXTI15_10_IRQHandler                     0x0800f73b   Thumb Code     0  startup_stm32f10x_md.o(.text)
    EXTI1_IRQHandler                         0x0800f73b   Thumb Code     0  startup_stm32f10x_md.o(.text)
    EXTI2_IRQHandler                         0x0800f73b   Thumb Code     0  startup_stm32f10x_md.o(.text)
    EXTI3_IRQHandler                         0x0800f73b   Thumb Code     0  startup_stm32f10x_md.o(.text)
    EXTI4_IRQHandler                         0x0800f73b   Thumb Code     0  startup_stm32f10x_md.o(.text)
    EXTI9_5_IRQHandler                       0x0800f73b   Thumb Code     0  startup_stm32f10x_md.o(.text)
    FLASH_IRQHandler                         0x0800f73b   Thumb Code     0  startup_stm32f10x_md.o(.text)
    I2C1_ER_IRQHandler                       0x0800f73b   Thumb Code     0  startup_stm32f10x_md.o(.text)
    I2C1_EV_IRQHandler                       0x0800f73b   Thumb Code     0  startup_stm32f10x_md.o(.text)
    I2C2_ER_IRQHandler                       0x0800f73b   Thumb Code     0  startup_stm32f10x_md.o(.text)
    I2C2_EV_IRQHandler                       0x0800f73b   Thumb Code     0  startup_stm32f10x_md.o(.text)
    PVD_IRQHandler                           0x0800f73b   Thumb Code     0  startup_stm32f10x_md.o(.text)
    RCC_IRQHandler                           0x0800f73b   Thumb Code     0  startup_stm32f10x_md.o(.text)
    RTCAlarm_IRQHandler                      0x0800f73b   Thumb Code     0  startup_stm32f10x_md.o(.text)
    SPI1_IRQHandler                          0x0800f73b   Thumb Code     0  startup_stm32f10x_md.o(.text)
    SPI2_IRQHandler                          0x0800f73b   Thumb Code     0  startup_stm32f10x_md.o(.text)
    TAMPER_IRQHandler                        0x0800f73b   Thumb Code     0  startup_stm32f10x_md.o(.text)
    TIM1_BRK_IRQHandler                      0x0800f73b   Thumb Code     0  startup_stm32f10x_md.o(.text)
    TIM1_CC_IRQHandler                       0x0800f73b   Thumb Code     0  startup_stm32f10x_md.o(.text)
    TIM1_TRG_COM_IRQHandler                  0x0800f73b   Thumb Code     0  startup_stm32f10x_md.o(.text)
    TIM2_IRQHandler                          0x0800f73b   Thumb Code     0  startup_stm32f10x_md.o(.text)
    USART2_IRQHandler                        0x0800f73b   Thumb Code     0  startup_stm32f10x_md.o(.text)
    USART3_IRQHandler                        0x0800f73b   Thumb Code     0  startup_stm32f10x_md.o(.text)
    USBWakeUp_IRQHandler                     0x0800f73b   Thumb Code     0  startup_stm32f10x_md.o(.text)
    USB_HP_CAN1_TX_IRQHandler                0x0800f73b   Thumb Code     0  startup_stm32f10x_md.o(.text)
    USB_LP_CAN1_RX0_IRQHandler               0x0800f73b   Thumb Code     0  startup_stm32f10x_md.o(.text)
    WWDG_IRQHandler                          0x0800f73b   Thumb Code     0  startup_stm32f10x_md.o(.text)
    __user_initial_stackheap                 0x0800f73d   Thumb Code     0  startup_stm32f10x_md.o(.text)
    can_init                                 0x0800f761   Thumb Code   306  can.o(.text)
    TaskCanRx                                0x0800f893   Thumb Code    60  can.o(.text)
    SCI_Transmit                             0x0800f8d9   Thumb Code   706  usart.o(.text)
    SCI_Receive                              0x0800fb9b   Thumb Code   664  usart.o(.text)
    SetState                                 0x0800fe33   Thumb Code   104  usart.o(.text)
    SCI_GetLen                               0x0800fe9b   Thumb Code    90  usart.o(.text)
    SCI_MainFunction                         0x0800fef5   Thumb Code   792  usart.o(.text)
    clock_init                               0x08010225   Thumb Code    26  bsp.o(.text)
    NVIC_init                                0x0801023f   Thumb Code    50  bsp.o(.text)
    IWDG_Configuration                       0x08010271   Thumb Code    34  bsp.o(.text)
    tim_init                                 0x08010293   Thumb Code    62  bsp.o(.text)
    gpio_init                                0x080102d1   Thumb Code   284  bsp.o(.text)
    usart1_init                              0x080103ed   Thumb Code    64  bsp.o(.text)
    usart2_init                              0x0801042d   Thumb Code    66  bsp.o(.text)
    usart3_init                              0x0801046f   Thumb Code   164  bsp.o(.text)
    CharToInt                                0x08010513   Thumb Code    54  bsp.o(.text)
    IntToChar                                0x08010549   Thumb Code    92  bsp.o(.text)
    IntCharH                                 0x080105a5   Thumb Code    26  bsp.o(.text)
    IntCharL                                 0x080105bf   Thumb Code    30  bsp.o(.text)
    mem_compare                              0x080105dd   Thumb Code    30  bsp.o(.text)
    PCF8563T_DAT_PIN                         0x08010689   Thumb Code    38  rtc.o(.text)
    PCF8563T_DAT_POUT                        0x080106af   Thumb Code    38  rtc.o(.text)
    dealy                                    0x080106d5   Thumb Code    14  rtc.o(.text)
    Hex_BCD                                  0x080106e3   Thumb Code    34  rtc.o(.text)
    BCD_Hex                                  0x08010705   Thumb Code    24  rtc.o(.text)
    i2c_start                                0x0801071d   Thumb Code    62  rtc.o(.text)
    i2c_stop                                 0x0801075b   Thumb Code    56  rtc.o(.text)
    i2c_WaitAck                              0x08010793   Thumb Code    82  rtc.o(.text)
    i2c_SendAck                              0x080107e5   Thumb Code    40  rtc.o(.text)
    i2c_Send_notAck                          0x0801080d   Thumb Code    40  rtc.o(.text)
    i2c_SendByte                             0x08010835   Thumb Code    76  rtc.o(.text)
    i2c_ReceiveByte                          0x08010881   Thumb Code    76  rtc.o(.text)
    RTC_init                                 0x080108cd   Thumb Code   152  rtc.o(.text)
    get_pcf8563t                             0x08010965   Thumb Code    86  rtc.o(.text)
    set_pcf8563t                             0x080109bb   Thumb Code    56  rtc.o(.text)
    set_time                                 0x080109f3   Thumb Code    90  rtc.o(.text)
    get_time                                 0x08010a4d   Thumb Code   100  rtc.o(.text)
    timer_selfcheck                          0x08010ab1   Thumb Code   416  rtc.o(.text)
    display_time                             0x08010c51   Thumb Code   118  rtc.o(.text)
    set_time_init                            0x08010cc7   Thumb Code    50  rtc.o(.text)
    clust2sect                               0x08010ed5   Thumb Code    26  fatfs.o(.text)
    get_fat                                  0x08010eef   Thumb Code   228  fatfs.o(.text)
    put_fat                                  0x08010fd3   Thumb Code   310  fatfs.o(.text)
    f_mount                                  0x08011c5d   Thumb Code    38  fatfs.o(.text)
    f_open                                   0x08011c83   Thumb Code   362  fatfs.o(.text)
    f_read                                   0x08011ded   Thumb Code   476  fatfs.o(.text)
    f_write                                  0x08011fc9   Thumb Code   524  fatfs.o(.text)
    f_sync                                   0x080121d5   Thumb Code   182  fatfs.o(.text)
    f_close                                  0x0801228b   Thumb Code    22  fatfs.o(.text)
    f_chdrive                                0x080122a1   Thumb Code    18  fatfs.o(.text)
    f_chdir                                  0x080122b3   Thumb Code   100  fatfs.o(.text)
    f_lseek                                  0x08012317   Thumb Code   428  fatfs.o(.text)
    f_opendir                                0x080124c3   Thumb Code   110  fatfs.o(.text)
    f_readdir                                0x08012531   Thumb Code    88  fatfs.o(.text)
    f_stat                                   0x08012589   Thumb Code    58  fatfs.o(.text)
    f_getfree                                0x080125c3   Thumb Code   280  fatfs.o(.text)
    f_truncate                               0x080126db   Thumb Code   154  fatfs.o(.text)
    f_unlink                                 0x08012775   Thumb Code   198  fatfs.o(.text)
    f_mkdir                                  0x0801283b   Thumb Code   402  fatfs.o(.text)
    f_chmod                                  0x080129cd   Thumb Code   100  fatfs.o(.text)
    f_utime                                  0x08012a31   Thumb Code    98  fatfs.o(.text)
    f_rename                                 0x08012a93   Thumb Code   298  fatfs.o(.text)
    SPI_init                                 0x08012bbd   Thumb Code   148  spi.o(.text)
    SPI_SetSpeed                             0x08012c51   Thumb Code    84  spi.o(.text)
    SPI_ReadWriteByte                        0x08012ca5   Thumb Code    54  spi.o(.text)
    SD_WaitReady                             0x08012cdb   Thumb Code    34  spi.o(.text)
    SD_SendCommand                           0x08012cfd   Thumb Code   120  spi.o(.text)
    SD_SendCommand_NoDeassert                0x08012d75   Thumb Code   104  spi.o(.text)
    SD_Init                                  0x08012ddd   Thumb Code   500  spi.o(.text)
    SD_ReceiveData                           0x08012fd1   Thumb Code   122  spi.o(.text)
    SD_GetCID                                0x0801304b   Thumb Code    36  spi.o(.text)
    SD_GetCSD                                0x0801306f   Thumb Code    36  spi.o(.text)
    SD_GetCapacity                           0x08013093   Thumb Code   146  spi.o(.text)
    SD_ReadSingleBlock                       0x08013125   Thumb Code    54  spi.o(.text)
    SD_WriteSingleBlock                      0x0801315b   Thumb Code   254  spi.o(.text)
    SD_ReadMultiBlock                        0x08013259   Thumb Code   106  spi.o(.text)
    SD_WriteMultiBlock                       0x080132c3   Thumb Code   234  spi.o(.text)
    disk_initialize                          0x080133ad   Thumb Code    46  spi.o(.text)
    disk_status                              0x080133db   Thumb Code    12  spi.o(.text)
    disk_read                                0x080133e7   Thumb Code    68  spi.o(.text)
    disk_write                               0x0801342b   Thumb Code    60  spi.o(.text)
    disk_ioctl                               0x08013467   Thumb Code    94  spi.o(.text)
    get_fattime                              0x080134c5   Thumb Code     2  spi.o(.text)
    usart_putchar                            0x080134cd   Thumb Code    28  print.o(.text)
    prints                                   0x080134e9   Thumb Code    22  print.o(.text)
    printp                                   0x0801364b   Thumb Code   400  print.o(.text)
    NMI_Handler                              0x0801380d   Thumb Code     2  int.o(.text)
    HardFault_Handler                        0x0801380f   Thumb Code     4  int.o(.text)
    MemManage_Handler                        0x08013813   Thumb Code     4  int.o(.text)
    BusFault_Handler                         0x08013817   Thumb Code     4  int.o(.text)
    UsageFault_Handler                       0x0801381b   Thumb Code     4  int.o(.text)
    SVC_Handler                              0x0801381f   Thumb Code     2  int.o(.text)
    DebugMon_Handler                         0x08013821   Thumb Code     2  int.o(.text)
    PendSV_Handler                           0x08013823   Thumb Code     2  int.o(.text)
    USART1_IRQHandler                        0x08013825   Thumb Code     2  int.o(.text)
    SysTick_Handler                          0x08013827   Thumb Code     2  int.o(.text)
    RTC_IRQHandler                           0x08013829   Thumb Code     2  int.o(.text)
    TIM1_UP_IRQHandler                       0x0801382b   Thumb Code   730  int.o(.text)
    TIM4_IRQHandler                          0x08013b05   Thumb Code    44  int.o(.text)
    TIM3_IRQHandler                          0x08013b31   Thumb Code    36  int.o(.text)
    SIM900A_Rx                               0x08013bad   Thumb Code   110  sim900a.o(.text)
    SIM900A_CMD                              0x08013c1b   Thumb Code   154  sim900a.o(.text)
    SIM900A_Init                             0x08013cb5   Thumb Code   454  sim900a.o(.text)
    SIM900A_Rx_norelease                     0x08013e7b   Thumb Code   130  sim900a.o(.text)
    SIM900A_CMD_norelease                    0x08013efd   Thumb Code   148  sim900a.o(.text)
    GPRS_close                               0x08013f91   Thumb Code    28  sim900a.o(.text)
    GPRS_connect                             0x08013fad   Thumb Code   550  sim900a.o(.text)
    GPRS_check_connect                       0x080141d3   Thumb Code   136  sim900a.o(.text)
    GPRS_check_status                        0x0801425b   Thumb Code   104  sim900a.o(.text)
    GPRS_Send_CMD                            0x080142c3   Thumb Code   234  sim900a.o(.text)
    GPRS_reset                               0x080143ad   Thumb Code   936  sim900a.o(.text)
    GPRS_restart                             0x08014755   Thumb Code   164  sim900a.o(.text)
    GPRS_CGREG                               0x080147f9   Thumb Code   114  sim900a.o(.text)
    GPRS_Signal                              0x0801486b   Thumb Code    72  sim900a.o(.text)
    GPRS_Message                             0x080148b3   Thumb Code   618  sim900a.o(.text)
    SPI2_init                                0x08014b51   Thumb Code   148  nrf24l01.o(.text)
    NRF24SPI_Send_Byte                       0x08014be5   Thumb Code    50  nrf24l01.o(.text)
    SPI_WR_Reg                               0x08014c17   Thumb Code    40  nrf24l01.o(.text)
    NRF_RX_Mode                              0x08014c3f   Thumb Code    28  nrf24l01.o(.text)
    SPI_Write_Buf                            0x08014c5b   Thumb Code    60  nrf24l01.o(.text)
    NRF24L01_init                            0x08014c97   Thumb Code   154  nrf24l01.o(.text)
    SPI_RD_Reg                               0x08014d31   Thumb Code    38  nrf24l01.o(.text)
    SPI_Read_Buf                             0x08014d57   Thumb Code    60  nrf24l01.o(.text)
    NRF_TX_Mode                              0x08014d93   Thumb Code    28  nrf24l01.o(.text)
    nRF24L01_TxPacket                        0x08014daf   Thumb Code    42  nrf24l01.o(.text)
    nRF24L01_RxPacket                        0x08014dd9   Thumb Code    42  nrf24l01.o(.text)
    NRF_Send                                 0x08014e03   Thumb Code    84  nrf24l01.o(.text)
    SciToKwp                                 0x08014e79   Thumb Code   166  iso14230.o(.text)
    get14230                                 0x08014f1f   Thumb Code   554  iso14230.o(.text)
    ISO14230Main                             0x08015149   Thumb Code    36  iso14230.o(.text)
    KwpToSci                                 0x0801516d   Thumb Code   532  iso14230.o(.text)
    KwpRx                                    0x08015381   Thumb Code   148  iso14230.o(.text)
    get15765                                 0x08015425   Thumb Code   466  iso15765.o(.text)
    SciToCan                                 0x080155f7   Thumb Code   170  iso15765.o(.text)
    ISO15765Main                             0x080156a1   Thumb Code    48  iso15765.o(.text)
    send15765                                0x080156d1   Thumb Code    22  iso15765.o(.text)
    CanToSci                                 0x080156e7   Thumb Code  1566  iso15765.o(.text)
    get9141                                  0x08015d1d   Thumb Code   466  iso9141.o(.text)
    SciToKwp9141                             0x08015eef   Thumb Code   168  iso9141.o(.text)
    ISO9141Main                              0x08015f97   Thumb Code    36  iso9141.o(.text)
    KwpToSci9141                             0x08015fbb   Thumb Code   486  iso9141.o(.text)
    KwpRx9141                                0x080161a1   Thumb Code   110  iso9141.o(.text)
    ProtocolSearch                           0x08016219   Thumb Code   408  search.o(.text)
    CanProSearch                             0x080163b1   Thumb Code   492  search.o(.text)
    K_Reminder                               0x0801659d   Thumb Code     2  search.o(.text)
    FlowCon                                  0x0801659f   Thumb Code     2  search.o(.text)
    __rt_ctype_table                         0x080165f5   Thumb Code    16  rt_ctype_table.o(.text)
    tolower                                  0x08016605   Thumb Code    26  tolower.o(.text)
    strlen                                   0x0801661f   Thumb Code    62  strlen.o(.text)
    __aeabi_memcpy4                          0x0801665d   Thumb Code     0  rt_memcpy_w.o(.text)
    __aeabi_memcpy8                          0x0801665d   Thumb Code     0  rt_memcpy_w.o(.text)
    __rt_memcpy_w                            0x0801665d   Thumb Code   100  rt_memcpy_w.o(.text)
    _memcpy_lastbytes_aligned                0x080166a5   Thumb Code     0  rt_memcpy_w.o(.text)
    __aeabi_memclr4                          0x080166c1   Thumb Code     0  rt_memclr_w.o(.text)
    __aeabi_memclr8                          0x080166c1   Thumb Code     0  rt_memclr_w.o(.text)
    __rt_memclr_w                            0x080166c1   Thumb Code    78  rt_memclr_w.o(.text)
    _memset_w                                0x080166c5   Thumb Code     0  rt_memclr_w.o(.text)
    __use_two_region_memory                  0x0801670f   Thumb Code     2  heapauxi.o(.text)
    __rt_heap_escrow$2region                 0x08016711   Thumb Code     2  heapauxi.o(.text)
    __rt_heap_expand$2region                 0x08016713   Thumb Code     2  heapauxi.o(.text)
    __rt_locale                              0x08016715   Thumb Code    12  rt_locale_intlibspace.o(.text)
    __user_libspace                          0x08016721   Thumb Code     8  libspace.o(.text)
    __user_perproc_libspace                  0x08016721   Thumb Code     0  libspace.o(.text)
    __user_perthread_libspace                0x08016721   Thumb Code     0  libspace.o(.text)
    strcmp                                   0x08016729   Thumb Code   128  strcmpv7m.o(.text)
    __user_setup_stackheap                   0x080167a9   Thumb Code    74  sys_stackheap_outer.o(.text)
    exit                                     0x080167f3   Thumb Code    12  exit.o(.text)
    __rt_fp_status_addr                      0x08016801   Thumb Code    12  rt_fp_status_addr_intlibspace.o(.text)
    _sys_exit                                0x0801680d   Thumb Code     8  sys_exit.o(.text)
    __I$use$semihosting                      0x08016819   Thumb Code     0  use_no_semi.o(.text)
    __use_no_semihosting_swi                 0x08016819   Thumb Code     2  use_no_semi.o(.text)
    _get_lc_ctype                            0x0801681d   Thumb Code    44  lc_ctype_c.o(locale$$code)
    _fp_init                                 0x08016849   Thumb Code    14  fpinit.o(x$fpl$fpinit)
    __fplib_config_pureend_doubles           0x08016855   Thumb Code     0  fpinit.o(x$fpl$fpinit)
    Region$$Table$$Base                      0x08016878   Number         0  anon$$obj.o(Region$$Table)
    Region$$Table$$Limit                     0x08016898   Number         0  anon$$obj.o(Region$$Table)
    __ctype                                  0x080168a5   Data           0  lc_ctype_c.o(locale$$data)
    SystemCoreClock                          0x20000000   Data           4  system_stm32f10x.o(.data)
    AHBPrescTable                            0x20000004   Data          16  system_stm32f10x.o(.data)
    sysClock                                 0x20000014   Data           4  main.o(.data)
    car_state                                0x20000018   Data           1  main.o(.data)
    loop_time                                0x20000019   Data           1  main.o(.data)
    first                                    0x2000001a   Data           1  main.o(.data)
    send_fail                                0x2000001b   Data           1  main.o(.data)
    pid_save                                 0x2000001c   Data           1  main.o(.data)
    multi_flag                               0x2000001d   Data           1  main.o(.data)
    start_led                                0x2000001e   Data           1  main.o(.data)
    write_flag                               0x2000001f   Data           1  main.o(.data)
    dtc_dog                                  0x20000020   Data           1  main.o(.data)
    time_m                                   0x20000022   Data           2  main.o(.data)
    AT_maintain                              0x20000024   Data           1  main.o(.data)
    stateMain                                0x20000025   Data           1  main.o(.data)
    timetotal                                0x20000026   Data           1  main.o(.data)
    criLowMid                                0x20000027   Data           1  main.o(.data)
    criMidHig                                0x20000028   Data           1  main.o(.data)
    criLowMid_in                             0x20000029   Data           1  main.o(.data)
    criMidHig_in                             0x2000002a   Data           1  main.o(.data)
    CoeWei_a                                 0x2000002b   Data           1  main.o(.data)
    CoeWei_b                                 0x2000002c   Data           1  main.o(.data)
    CoeWei_c                                 0x2000002d   Data           1  main.o(.data)
    CoeWei_d                                 0x2000002e   Data           1  main.o(.data)
    order01_4                                0x2000002f   Data           2  main.o(.data)
    order01_5                                0x20000031   Data           2  main.o(.data)
    order01_11                               0x20000033   Data           2  main.o(.data)
    order01_13                               0x20000035   Data           2  main.o(.data)
    order01_15                               0x20000037   Data           2  main.o(.data)
    order01_16                               0x20000039   Data           2  main.o(.data)
    order01_17                               0x2000003b   Data           2  main.o(.data)
    order01_0x33                             0x2000003d   Data           2  main.o(.data)
    order01_0x42                             0x2000003f   Data           2  main.o(.data)
    IPR_flag                                 0x20000041   Data           1  main.o(.data)
    order01_6                                0x20000042   Data           2  main.o(.data)
    order01_7                                0x20000044   Data           2  main.o(.data)
    order01_8                                0x20000046   Data           2  main.o(.data)
    order01_9                                0x20000048   Data           2  main.o(.data)
    order01_14                               0x2000004a   Data           2  main.o(.data)
    Runtimelim                               0x2000004c   Data           2  main.o(.data)
    order01_12                               0x2000004e   Data           4  main.o(.data)
    KComRem                                  0x20000064   Data           4  main.o(.data)
    TimeRem                                  0x20000068   Data           4  main.o(.data)
    TimeRem_K                                0x2000006c   Data           4  main.o(.data)
    TimeRem_SIM                              0x20000070   Data           4  main.o(.data)
    sysMode                                  0x20000074   Data           1  main.o(.data)
    timeInval                                0x20000075   Data           1  main.o(.data)
    FraNum                                   0x20000076   Data           8  main.o(.data)
    first_go                                 0x2000007e   Data           2  main.o(.data)
    DTC_temp                                 0x20000080   Data           2  main.o(.data)
    test                                     0x20000082   Data           8  main.o(.data)
    stateMai                                 0x2000008a   Data           1  main.o(.data)
    timeSpe                                  0x2000008b   Data           6  main.o(.data)
    velocityCar                              0x20000092   Data           2  main.o(.data)
    timeSpe_ori                              0x20000094   Data           2  main.o(.data)
    timeSpeIdle                              0x20000096   Data           2  main.o(.data)
    timeVelLow                               0x20000098   Data           2  main.o(.data)
    timeVelMid                               0x2000009a   Data           2  main.o(.data)
    timeVelHig                               0x2000009c   Data           2  main.o(.data)
    timeSpeIdle_0                            0x2000009e   Data           2  main.o(.data)
    timeVelLow_0                             0x200000a0   Data           2  main.o(.data)
    timeVelMid_0                             0x200000a2   Data           2  main.o(.data)
    timeVelHig_0                             0x200000a4   Data           2  main.o(.data)
    timeSpeIdle_2                            0x200000a6   Data           2  main.o(.data)
    timeVelLow_2                             0x200000a8   Data           2  main.o(.data)
    timeVelMid_2                             0x200000aa   Data           2  main.o(.data)
    timeVelHig_2                             0x200000ac   Data           2  main.o(.data)
    timeSpe_in                               0x200000ae   Data           2  main.o(.data)
    timeSpe_out                              0x200000b0   Data           2  main.o(.data)
    timeRot_in                               0x200000b2   Data           2  main.o(.data)
    timeRot_out                              0x200000b4   Data           2  main.o(.data)
    Runtime                                  0x200000b6   Data           2  main.o(.data)
    speedRotEng                              0x200000b8   Data           4  main.o(.data)
    speed                                    0x200000bc   Data           4  main.o(.data)
    Runtime_forever                          0x200000c0   Data           4  main.o(.data)
    rc_file                                  0x20000184   Data           4  maintain.o(.data)
    GPIO_InitStructure                       0x200001e8   Data           4  bsp.o(.data)
    EXTI_InitStructure                       0x200001ec   Data           8  bsp.o(.data)
    HSEStartUpStatus                         0x200001f4   Data           1  bsp.o(.data)
    SD_Type                                  0x2000020b   Data           1  spi.o(.data)
    AT                                       0x2000023c   Data           3  sim900a.o(.data)
    ATE0                                     0x2000023f   Data           5  sim900a.o(.data)
    ATV1                                     0x20000244   Data           5  sim900a.o(.data)
    AT_IPR                                   0x20000249   Data          12  sim900a.o(.data)
    AT_CPIN                                  0x20000255   Data           9  sim900a.o(.data)
    AT_CSQ                                   0x2000025e   Data           7  sim900a.o(.data)
    AT_COPS                                  0x20000265   Data           9  sim900a.o(.data)
    AT_RSSIREP                               0x2000026e   Data          13  sim900a.o(.data)
    AT_CMGD                                  0x2000027b   Data          12  sim900a.o(.data)
    AT_IPINIT                                0x20000287   Data          10  sim900a.o(.data)
    AT_IPINIT_check                          0x20000291   Data          11  sim900a.o(.data)
    AT_CIPSTART                              0x2000029c   Data          50  sim900a.o(.data)
    AT_CIPSEND                               0x200002ce   Data          20  sim900a.o(.data)
    AT_CIPCLOSE                              0x200002e2   Data          13  sim900a.o(.data)
    AT_CIPSTATUS                             0x200002ef   Data          11  sim900a.o(.data)
    AT_BSINFO                                0x200002fa   Data           8  sim900a.o(.data)
    AT_CIPSHUT                               0x20000302   Data          11  sim900a.o(.data)
    AT_CLPORT                                0x2000030d   Data          21  sim900a.o(.data)
    AT_CFUN0                                 0x20000322   Data          10  sim900a.o(.data)
    AT_CFUN01                                0x2000032c   Data          12  sim900a.o(.data)
    AT_CFUN11                                0x20000338   Data          12  sim900a.o(.data)
    AT_CFUN1                                 0x20000344   Data          10  sim900a.o(.data)
    AT_CPOWD                                 0x2000034e   Data          11  sim900a.o(.data)
    AT_CGATT                                 0x20000359   Data          11  sim900a.o(.data)
    AT_CGREG                                 0x20000364   Data          10  sim900a.o(.data)
    AT_CGREG_SET                             0x2000036e   Data          11  sim900a.o(.data)
    AT_CMGF1                                 0x20000379   Data          10  sim900a.o(.data)
    AT_CSCS                                  0x20000383   Data          14  sim900a.o(.data)
    AT_CMGS                                  0x20000391   Data          25  sim900a.o(.data)
    AT_CMGS2                                 0x200003aa   Data          25  sim900a.o(.data)
    ID_CFG                                   0x200003c3   Data           5  sim900a.o(.data)
    TX_ADDRESS                               0x200003ec   Data           5  nrf24l01.o(.data)
    RX_ADDRESS                               0x200003f1   Data           5  nrf24l01.o(.data)
    error14230                               0x200003f8   Data           1  iso14230.o(.data)
    dog14230                                 0x200003f9   Data           1  iso14230.o(.data)
    file                                     0x20000630   Data         548  main.o(.bss)
    fs                                       0x20000854   Data         564  main.o(.bss)
    dir                                      0x20000a88   Data          28  main.o(.bss)
    TxMessage                                0x20000aa4   Data          20  main.o(.bss)
    RxMessage                                0x20000ab8   Data          20  main.o(.bss)
    proMsg                                   0x20000acc   Data         100  main.o(.bss)
    btMsg                                    0x20000b30   Data         980  main.o(.bss)
    support                                  0x20000f04   Data          16  main.o(.bss)
    frame_support                            0x20000f14   Data          16  main.o(.bss)
    GPRS                                     0x20000f24   Data         308  main.o(.bss)
    DTC_now                                  0x20001058   Data          40  main.o(.bss)
    SCI1                                     0x20002e24   Data         505  usart.o(.bss)
    SCI2                                     0x2000301d   Data         505  usart.o(.bss)
    SCI4                                     0x20003216   Data         505  usart.o(.bss)
    SCI3                                     0x20003410   Data        1610  usart.o(.bss)
    TIM_BaseInitStructure                    0x20003c80   Data          10  bsp.o(.bss)
    __libspace_start                         0x20004100   Data          96  libspace.o(.bss)
    __temporary_stack_top$libspace           0x20004160   Data           0  libspace.o(.bss)



==============================================================================

Memory Map of the image

  Image Entry point : 0x080080ed

  Load Region LR_IROM1 (Base: 0x08008000, Size: 0x0000edb4, Max: 0x00017fff, ABSOLUTE, COMPRESSED[0x0000eb80])

    Execution Region ER_IROM1 (Base: 0x08008000, Size: 0x0000e9a8, Max: 0x00017fff, ABSOLUTE)

    Base Addr    Size         Type   Attr      Idx    E Section Name        Object

    0x08008000   0x000000ec   Data   RO          511    RESET               startup_stm32f10x_md.o
    0x080080ec   0x00000008   Code   RO          820  * !!!main             c_w.l(__main.o)(c_w.l)
    0x080080f4   0x00000034   Code   RO          994    !!!scatter          c_w.l(__scatter.o)(c_w.l)
    0x08008128   0x0000005a   Code   RO          992    !!dczerorl2         c_w.l(__dczerorl2.o)(c_w.l)
    0x08008182   0x00000002   PAD
    0x08008184   0x0000001c   Code   RO          996    !!handler_zi        c_w.l(__scatter_zi.o)(c_w.l)
    0x080081a0   0x00000006   Code   RO          908    .ARM.Collect$$libinit$$00000000  c_w.l(libinit.o)(c_w.l)
    0x080081a6   0x00000000   Code   RO          857    .ARM.Collect$$libinit$$00000006  c_w.l(libinit2.o)(c_w.l)
    0x080081a6   0x00000000   Code   RO          859    .ARM.Collect$$libinit$$00000008  c_w.l(libinit2.o)(c_w.l)
    0x080081a6   0x00000000   Code   RO          861    .ARM.Collect$$libinit$$0000000A  c_w.l(libinit2.o)(c_w.l)
    0x080081a6   0x00000006   Code   RO          862    .ARM.Collect$$libinit$$0000000B  c_w.l(libinit2.o)(c_w.l)
    0x080081ac   0x00000000   Code   RO          864    .ARM.Collect$$libinit$$0000000D  c_w.l(libinit2.o)(c_w.l)
    0x080081ac   0x0000000c   Code   RO          865    .ARM.Collect$$libinit$$0000000E  c_w.l(libinit2.o)(c_w.l)
    0x080081b8   0x00000000   Code   RO          866    .ARM.Collect$$libinit$$0000000F  c_w.l(libinit2.o)(c_w.l)
    0x080081b8   0x00000000   Code   RO          868    .ARM.Collect$$libinit$$00000011  c_w.l(libinit2.o)(c_w.l)
    0x080081b8   0x00000000   Code   RO          870    .ARM.Collect$$libinit$$00000013  c_w.l(libinit2.o)(c_w.l)
    0x080081b8   0x00000000   Code   RO          872    .ARM.Collect$$libinit$$00000015  c_w.l(libinit2.o)(c_w.l)
    0x080081b8   0x00000000   Code   RO          874    .ARM.Collect$$libinit$$00000017  c_w.l(libinit2.o)(c_w.l)
    0x080081b8   0x00000000   Code   RO          876    .ARM.Collect$$libinit$$00000019  c_w.l(libinit2.o)(c_w.l)
    0x080081b8   0x00000000   Code   RO          878    .ARM.Collect$$libinit$$0000001B  c_w.l(libinit2.o)(c_w.l)
    0x080081b8   0x00000000   Code   RO          880    .ARM.Collect$$libinit$$0000001D  c_w.l(libinit2.o)(c_w.l)
    0x080081b8   0x00000000   Code   RO          882    .ARM.Collect$$libinit$$0000001F  c_w.l(libinit2.o)(c_w.l)
    0x080081b8   0x00000000   Code   RO          884    .ARM.Collect$$libinit$$00000021  c_w.l(libinit2.o)(c_w.l)
    0x080081b8   0x00000000   Code   RO          888    .ARM.Collect$$libinit$$00000028  c_w.l(libinit2.o)(c_w.l)
    0x080081b8   0x00000000   Code   RO          890    .ARM.Collect$$libinit$$0000002A  c_w.l(libinit2.o)(c_w.l)
    0x080081b8   0x00000000   Code   RO          892    .ARM.Collect$$libinit$$0000002C  c_w.l(libinit2.o)(c_w.l)
    0x080081b8   0x00000000   Code   RO          894    .ARM.Collect$$libinit$$0000002E  c_w.l(libinit2.o)(c_w.l)
    0x080081b8   0x00000002   Code   RO          895    .ARM.Collect$$libinit$$0000002F  c_w.l(libinit2.o)(c_w.l)
    0x080081ba   0x00000002   Code   RO          950    .ARM.Collect$$libshutdown$$00000000  c_w.l(libshutdown.o)(c_w.l)
    0x080081bc   0x00000000   Code   RO          957    .ARM.Collect$$libshutdown$$00000003  c_w.l(libshutdown2.o)(c_w.l)
    0x080081bc   0x00000000   Code   RO          960    .ARM.Collect$$libshutdown$$00000006  c_w.l(libshutdown2.o)(c_w.l)
    0x080081bc   0x00000000   Code   RO          963    .ARM.Collect$$libshutdown$$00000009  c_w.l(libshutdown2.o)(c_w.l)
    0x080081bc   0x00000000   Code   RO          965    .ARM.Collect$$libshutdown$$0000000B  c_w.l(libshutdown2.o)(c_w.l)
    0x080081bc   0x00000000   Code   RO          968    .ARM.Collect$$libshutdown$$0000000E  c_w.l(libshutdown2.o)(c_w.l)
    0x080081bc   0x00000002   Code   RO          969    .ARM.Collect$$libshutdown$$0000000F  c_w.l(libshutdown2.o)(c_w.l)
    0x080081be   0x00000000   Code   RO          822    .ARM.Collect$$rtentry$$00000000  c_w.l(rtentry.o)(c_w.l)
    0x080081be   0x00000000   Code   RO          836    .ARM.Collect$$rtentry$$00000002  c_w.l(rtentry2.o)(c_w.l)
    0x080081be   0x00000006   Code   RO          851    .ARM.Collect$$rtentry$$00000004  c_w.l(rtentry4.o)(c_w.l)
    0x080081c4   0x00000000   Code   RO          838    .ARM.Collect$$rtentry$$00000009  c_w.l(rtentry2.o)(c_w.l)
    0x080081c4   0x00000004   Code   RO          839    .ARM.Collect$$rtentry$$0000000A  c_w.l(rtentry2.o)(c_w.l)
    0x080081c8   0x00000000   Code   RO          841    .ARM.Collect$$rtentry$$0000000C  c_w.l(rtentry2.o)(c_w.l)
    0x080081c8   0x00000008   Code   RO          842    .ARM.Collect$$rtentry$$0000000D  c_w.l(rtentry2.o)(c_w.l)
    0x080081d0   0x00000002   Code   RO          909    .ARM.Collect$$rtexit$$00000000  c_w.l(rtexit.o)(c_w.l)
    0x080081d2   0x00000000   Code   RO          920    .ARM.Collect$$rtexit$$00000002  c_w.l(rtexit2.o)(c_w.l)
    0x080081d2   0x00000004   Code   RO          921    .ARM.Collect$$rtexit$$00000003  c_w.l(rtexit2.o)(c_w.l)
    0x080081d6   0x00000006   Code   RO          922    .ARM.Collect$$rtexit$$00000004  c_w.l(rtexit2.o)(c_w.l)
    0x080081dc   0x000001bc   Code   RO           17    .text               system_stm32f10x.o
    0x08008398   0x000002cc   Code   RO           66    .text               main.o
    0x08008664   0x00000654   Code   RO          192    .text               icar.o
    0x08008cb8   0x00000d08   Code   RO          227    .text               igprs.o
    0x080099c0   0x00001278   Code   RO          242    .text               autoloop.o
    0x0800ac38   0x00000d48   Code   RO          284    .text               datasave.o
    0x0800b980   0x00000e00   Code   RO          302    .text               attype.o
    0x0800c780   0x00000384   Code   RO          319    .text               devrep.o
    0x0800cb04   0x00000508   Code   RO          334    .text               maintain.o
    0x0800d00c   0x000000f8   Code   RO          351    .text               misc.o
    0x0800d104   0x00000a14   Code   RO          363    .text               stm32f10x_can.o
    0x0800db18   0x00000358   Code   RO          387    .text               stm32f10x_gpio.o
    0x0800de70   0x000003a4   Code   RO          399    .text               stm32f10x_rcc.o
    0x0800e214   0x0000040c   Code   RO          413    .text               stm32f10x_usart.o
    0x0800e620   0x00000dae   Code   RO          425    .text               stm32f10x_tim.o
    0x0800f3ce   0x00000002   PAD
    0x0800f3d0   0x00000310   Code   RO          461    .text               stm32f10x_spi.o
    0x0800f6e0   0x00000040   Code   RO          497    .text               stm32f10x_iwdg.o
    0x0800f720   0x00000040   Code   RO          512    .text               startup_stm32f10x_md.o
    0x0800f760   0x00000178   Code   RO          516    .text               can.o
    0x0800f8d8   0x0000094c   Code   RO          531    .text               usart.o
    0x08010224   0x00000464   Code   RO          557    .text               bsp.o
    0x08010688   0x000006a8   Code   RO          583    .text               rtc.o
    0x08010d30   0x00001e8c   Code   RO          624    .text               fatfs.o
    0x08012bbc   0x00000910   Code   RO          650    .text               spi.o
    0x080134cc   0x00000340   Code   RO          674    .text               print.o
    0x0801380c   0x000003a0   Code   RO          691    .text               int.o
    0x08013bac   0x00000fa4   Code   RO          709    .text               sim900a.o
    0x08014b50   0x00000328   Code   RO          728    .text               nrf24l01.o
    0x08014e78   0x000005ac   Code   RO          744    .text               iso14230.o
    0x08015424   0x000008f8   Code   RO          760    .text               iso15765.o
    0x08015d1c   0x000004fc   Code   RO          778    .text               iso9141.o
    0x08016218   0x000003dc   Code   RO          792    .text               search.o
    0x080165f4   0x00000010   Code   RO          808    .text               c_w.l(rt_ctype_table.o)(c_w.l)
    0x08016604   0x0000001a   Code   RO          810    .text               c_w.l(tolower.o)(c_w.l)
    0x0801661e   0x0000003e   Code   RO          812    .text               c_w.l(strlen.o)(c_w.l)
    0x0801665c   0x00000064   Code   RO          814    .text               c_w.l(rt_memcpy_w.o)(c_w.l)
    0x080166c0   0x0000004e   Code   RO          816    .text               c_w.l(rt_memclr_w.o)(c_w.l)
    0x0801670e   0x00000006   Code   RO          818    .text               c_w.l(heapauxi.o)(c_w.l)
    0x08016714   0x0000000c   Code   RO          827    .text               c_w.l(rt_locale_intlibspace.o)(c_w.l)
    0x08016720   0x00000008   Code   RO          832    .text               c_w.l(libspace.o)(c_w.l)
    0x08016728   0x00000080   Code   RO          853    .text               c_w.l(strcmpv7m.o)(c_w.l)
    0x080167a8   0x0000004a   Code   RO          896    .text               c_w.l(sys_stackheap_outer.o)(c_w.l)
    0x080167f2   0x0000000c   Code   RO          898    .text               c_w.l(exit.o)(c_w.l)
    0x080167fe   0x00000002   PAD
    0x08016800   0x0000000c   Code   RO          930    .text               c_w.l(rt_fp_status_addr_intlibspace.o)(c_w.l)
    0x0801680c   0x0000000c   Code   RO          938    .text               c_w.l(sys_exit.o)(c_w.l)
    0x08016818   0x00000002   Code   RO          940    .text               c_w.l(use_no_semi.o)(c_w.l)
    0x0801681a   0x00000002   PAD
    0x0801681c   0x0000002c   Code   RO          830    locale$$code        c_w.l(lc_ctype_c.o)(c_w.l)
    0x08016848   0x0000000e   Code   RO          915    x$fpl$fpinit        fz_ws.l(fpinit.o)(fz_ws.l)
    0x08016856   0x00000002   PAD
    0x08016858   0x00000020   Data   RO          793    .constdata          search.o
    0x08016878   0x00000020   Data   RO          990    Region$$Table       anon$$obj.o
    0x08016898   0x00000110   Data   RO          829    locale$$data        c_w.l(lc_ctype_c.o)(c_w.l)


    Execution Region RW_IRAM1 (Base: 0x20000000, Size: 0x00004760, Max: 0x00005000, ABSOLUTE, COMPRESSED[0x000001d8])

    Base Addr    Size         Type   Attr      Idx    E Section Name        Object

    0x20000000   0x00000014   Data   RW           18    .data               system_stm32f10x.o
    0x20000014   0x000000b0   Data   RW           68    .data               main.o
    0x200000c4   0x00000001   Data   RW          193    .data               icar.o
    0x200000c5   0x00000003   PAD
    0x200000c8   0x0000000d   Data   RW          229    .data               igprs.o
    0x200000d5   0x00000003   Data   RW          244    .data               autoloop.o
    0x200000d8   0x00000089   Data   RW          286    .data               datasave.o
    0x20000161   0x00000001   Data   RW          303    .data               attype.o
    0x20000162   0x00000022   Data   RW          321    .data               devrep.o
    0x20000184   0x0000004c   Data   RW          336    .data               maintain.o
    0x200001d0   0x00000014   Data   RW          400    .data               stm32f10x_rcc.o
    0x200001e4   0x00000001   Data   RW          533    .data               usart.o
    0x200001e5   0x00000003   PAD
    0x200001e8   0x0000000f   Data   RW          559    .data               bsp.o
    0x200001f7   0x0000000d   Data   RW          585    .data               rtc.o
    0x20000204   0x00000007   Data   RW          625    .data               fatfs.o
    0x2000020b   0x00000001   Data   RW          651    .data               spi.o
    0x2000020c   0x00000015   Data   RW          675    .data               print.o
    0x20000221   0x00000003   PAD
    0x20000224   0x00000018   Data   RW          693    .data               int.o
    0x2000023c   0x000001af   Data   RW          710    .data               sim900a.o
    0x200003eb   0x00000001   PAD
    0x200003ec   0x0000000c   Data   RW          729    .data               nrf24l01.o
    0x200003f8   0x0000000a   Data   RW          745    .data               iso14230.o
    0x20000402   0x00000001   Data   RW          762    .data               iso15765.o
    0x20000403   0x00000008   Data   RW          779    .data               iso9141.o
    0x2000040b   0x00000001   PAD
    0x2000040c   0x00000c74   Zero   RW           67    .bss                main.o
    0x20001080   0x000004b0   Zero   RW          228    .bss                igprs.o
    0x20001530   0x00000010   Zero   RW          243    .bss                autoloop.o
    0x20001540   0x00000c10   Zero   RW          285    .bss                datasave.o
    0x20002150   0x00000538   Zero   RW          320    .bss                devrep.o
    0x20002688   0x0000077c   Zero   RW          335    .bss                maintain.o
    0x20002e04   0x00000c56   Zero   RW          532    .bss                usart.o
    0x20003a5a   0x00000002   PAD
    0x20003a5c   0x0000022e   Zero   RW          558    .bss                bsp.o
    0x20003c8a   0x00000002   PAD
    0x20003c8c   0x00000230   Zero   RW          584    .bss                rtc.o
    0x20003ebc   0x00000224   Zero   RW          692    .bss                int.o
    0x200040e0   0x00000020   Zero   RW          761    .bss                iso15765.o
    0x20004100   0x00000060   Zero   RW          833    .bss                c_w.l(libspace.o)(c_w.l)
    0x20004160   0x00000200   Zero   RW          510    HEAP                startup_stm32f10x_md.o
    0x20004360   0x00000400   Zero   RW          509    STACK               startup_stm32f10x_md.o


==============================================================================

Image component sizes


      Code (inc. data)   RO Data    RW Data    ZI Data      Debug   Object Name

      3584        392          0          1          0          0   attype.o
      4728        412          0          3         16          0   autoloop.o
      1124        142          0         15        558          0   bsp.o
       376         10          0          0          0          0   can.o
         0          0          0          0          0          0   core_cm3.o
      3400        250          0        137       3088          0   datasave.o
       900        110          0         34       1336          0   devrep.o
      7820         48          0          7          0          0   fatfs.o
      1620        102          0          1          0          0   icar.o
      3336        382          0         13       1200          0   igprs.o
       928         88          0         24        548          0   int.o
      1452         88          0         10          0          0   iso14230.o
      2296        154          0          1         32          0   iso15765.o
      1276         68          0          8          0          0   iso9141.o
       716         66          0        176       3188          0   main.o
      1288        172          0         76       1916          0   maintain.o
       248         30          0          0          0          0   misc.o
       808         34          0         12          0          0   nrf24l01.o
       832         50          0         21          0          0   print.o
      1704         62          0         13        560          0   rtc.o
       988         84         32          0          0          0   search.o
      4004        748          0        431          0          0   sim900a.o
      2320         38          0          1          0          0   spi.o
        64         26        236          0       1536          0   startup_stm32f10x_md.o
      2580         60          0          0          0          0   stm32f10x_can.o
       856         40          0          0          0          0   stm32f10x_gpio.o
        64          6          0          0          0          0   stm32f10x_iwdg.o
       932         52          0         20          0          0   stm32f10x_rcc.o
       784         12          0          0          0          0   stm32f10x_spi.o
      3502         86          0          0          0          0   stm32f10x_tim.o
      1036         20          0          0          0          0   stm32f10x_usart.o
       444         32          0         20          0          0   system_stm32f10x.o
      2380         72          0          1       3158          0   usart.o

    ----------------------------------------------------------------------
     58392       3936        300       1036      17140          0   Object Totals
         0          0         32          0          0          0   (incl. Generated)
         2          0          0         11          4          2   (incl. Padding)

    ----------------------------------------------------------------------

      Code (inc. data)   RO Data    RW Data    ZI Data      Debug   Library Member Name

        90          0          0          0          0          0   __dczerorl2.o
         8          0          0          0          0          0   __main.o
        52          8          0          0          0          0   __scatter.o
        28          0          0          0          0          0   __scatter_zi.o
        12          0          0          0          0          0   exit.o
         6          0          0          0          0          0   heapauxi.o
        44         10        272          0          0          0   lc_ctype_c.o
         6          0          0          0          0          0   libinit.o
        20          0          0          0          0          0   libinit2.o
         2          0          0          0          0          0   libshutdown.o
         2          0          0          0          0          0   libshutdown2.o
         8          4          0          0         96          0   libspace.o
        16          4          0          0          0          0   rt_ctype_table.o
        12          4          0          0          0          0   rt_fp_status_addr_intlibspace.o
        12          4          0          0          0          0   rt_locale_intlibspace.o
        78          0          0          0          0          0   rt_memclr_w.o
       100          0          0          0          0          0   rt_memcpy_w.o
         0          0          0          0          0          0   rtentry.o
        12          0          0          0          0          0   rtentry2.o
         6          0          0          0          0          0   rtentry4.o
         2          0          0          0          0          0   rtexit.o
        10          0          0          0          0          0   rtexit2.o
       128          0          0          0          0          0   strcmpv7m.o
        62          0          0          0          0          0   strlen.o
        12          4          0          0          0          0   sys_exit.o
        74          0          0          0          0          0   sys_stackheap_outer.o
        26          0          0          0          0          0   tolower.o
         2          0          0          0          0          0   use_no_semi.o
        14          0          0          0          0          0   fpinit.o

    ----------------------------------------------------------------------
       852         38        272          0         96          0   Library Totals
         8          0          0          0          0          0   (incl. Padding)

    ----------------------------------------------------------------------

      Code (inc. data)   RO Data    RW Data    ZI Data      Debug   Library Name

       830         38        272          0         96       1240   c_w.l
        14          0          0          0          0         76   fz_ws.l

    ----------------------------------------------------------------------
       852         38        272          0         96          0   Library Totals

    ----------------------------------------------------------------------

==============================================================================


      Code (inc. data)   RO Data    RW Data    ZI Data      Debug   

     59244       3974        572       1036      17236     451824   Grand Totals
     59244       3974        572        472      17236     451824   ELF Image Totals (compressed)
     59244       3974        572        472          0          0   ROM Totals

==============================================================================

    Total RO  Size (Code + RO Data)                59816 (  58.41kB)
    Total RW  Size (RW Data + ZI Data)             18272 (  17.84kB)
    Total ROM Size (Code + RO Data + RW Data)      60288 (  58.88kB)

==============================================================================

